Component: ARM Compiler 5.06 update 6 (build 750) Tool: armlink [4d35ed]

==============================================================================

Section Cross References

    startup_stm32f10x_md.o(STACK) refers (Special) to heapauxi.o(.text) for __use_two_region_memory
    startup_stm32f10x_md.o(HEAP) refers (Special) to heapauxi.o(.text) for __use_two_region_memory
    startup_stm32f10x_md.o(RESET) refers (Special) to heapauxi.o(.text) for __use_two_region_memory
    startup_stm32f10x_md.o(RESET) refers to startup_stm32f10x_md.o(STACK) for __initial_sp
    startup_stm32f10x_md.o(RESET) refers to startup_stm32f10x_md.o(.text) for Reset_Handler
    startup_stm32f10x_md.o(RESET) refers to encoder.o(.text) for TIM2_IRQHandler
    startup_stm32f10x_md.o(RESET) refers to main.o(.text) for TIM3_IRQHandler
    startup_stm32f10x_md.o(RESET) refers to usart.o(.text) for USART1_IRQHandler
    startup_stm32f10x_md.o(.text) refers (Special) to heapauxi.o(.text) for __use_two_region_memory
    startup_stm32f10x_md.o(.text) refers to __main.o(!!!main) for __main
    startup_stm32f10x_md.o(.text) refers to startup_stm32f10x_md.o(HEAP) for Heap_Mem
    startup_stm32f10x_md.o(.text) refers to startup_stm32f10x_md.o(STACK) for Stack_Mem
    adc.o(.text) refers to dflt_clz.o(x$fpl$dfltu) for __aeabi_ui2d
    adc.o(.text) refers to dmul.o(x$fpl$dmul) for __aeabi_dmul
    adc.o(.text) refers to ddiv.o(x$fpl$ddiv) for __aeabi_ddiv
    adc.o(.text) refers to dfix.o(x$fpl$dfix) for __aeabi_d2iz
    key.o(.text) refers to key.o(.data) for Forever_count
    led.o(.text) refers to led.o(.data) for temp
    oled.o(.text) refers to oled.o(.bss) for OLED_GRAM
    oled.o(.text) refers to oled.o(.constdata) for oled_asc2_1206
    oled.o(.text) refers to oled.o(.data) for display
    oled.o(.text) refers to main.o(.data) for MODE_Flag
    oled.o(.text) refers to fleqf.o(x$fpl$fleqf) for __aeabi_cfcmple
    oled.o(.text) refers to ffixu.o(x$fpl$ffixu) for __aeabi_f2uiz
    oled.o(.text) refers to delay.o(.text) for delay_ms
    encoder.o(.text) refers to sys.o(.text) for MY_NVIC_Init
    dma.o(.text) refers to delay.o(.text) for delay_ms
    delay.o(.text) refers to delay.o(.data) for fac_us
    sys.o(.text) refers to sys.o(.emb_text) for WFI_SET
    usart.o(.text) refers (Special) to use_no_semi_2.o(.text) for __use_no_semihosting
    usart.o(.text) refers to fflt_clz.o(x$fpl$ffltu) for __aeabi_ui2f
    usart.o(.text) refers to fdiv.o(x$fpl$fdiv) for __aeabi_fdiv
    usart.o(.text) refers to ffixu.o(x$fpl$ffixu) for __aeabi_f2uiz
    usart.o(.text) refers to faddsub_clz.o(x$fpl$frsb) for __aeabi_frsub
    usart.o(.text) refers to fmul.o(x$fpl$fmul) for __aeabi_fmul
    usart.o(.text) refers to sys.o(.text) for MY_NVIC_Init
    usart.o(.text) refers to dflt_clz.o(x$fpl$dfltu) for __aeabi_ui2d
    usart.o(.text) refers to drleqf.o(x$fpl$drleqf) for __aeabi_cdrcmple
    usart.o(.text) refers to usart.o(.bss) for data1_top
    usart.o(.text) refers to usart.o(.data) for i_u
    usart.o(.text) refers to daddsub_clz.o(x$fpl$dsub) for __aeabi_dsub
    usart.o(.text) refers to d2f.o(x$fpl$d2f) for __aeabi_d2f
    usart.o(.text) refers to f2d.o(x$fpl$f2d) for __aeabi_f2d
    usart.o(.text) refers to dmul.o(x$fpl$dmul) for __aeabi_dmul
    usart.o(.text) refers to daddsub_clz.o(x$fpl$dadd) for __aeabi_dadd
    usart.o(.text) refers to dfixu.o(x$fpl$dfixu) for __aeabi_d2uiz
    usart.o(.text) refers to faddsub_clz.o(x$fpl$fadd) for __aeabi_fadd
    usart.o(.text) refers to pow.o(i.pow) for pow
    usart.o(.text) refers to rt_memclr_w.o(.text) for __aeabi_memclr4
    usart.o(.bss) refers (Special) to use_no_semi_2.o(.text) for __use_no_semihosting
    usart.o(.data) refers (Special) to use_no_semi_2.o(.text) for __use_no_semihosting
    main.o(.text) refers to sys.o(.text) for MY_NVIC_Init
    main.o(.text) refers to delay.o(.text) for delay_init
    main.o(.text) refers to led.o(.text) for LED_Init
    main.o(.text) refers to key.o(.text) for KEY_Init
    main.o(.text) refers to usart.o(.text) for usart1_init
    main.o(.text) refers to dma.o(.text) for Dma_Init
    main.o(.text) refers to encoder.o(.text) for Encoder_Init_TIM2
    main.o(.text) refers to motor.o(.text) for Motor_PWM_Init
    main.o(.text) refers to oled.o(.text) for OLED_Init
    main.o(.text) refers to adc.o(.text) for Adc_Init
    main.o(.text) refers to faddsub_clz.o(x$fpl$frsb) for __aeabi_frsub
    main.o(.text) refers to fmul.o(x$fpl$fmul) for __aeabi_fmul
    main.o(.text) refers to fdiv.o(x$fpl$fdiv) for __aeabi_fdiv
    main.o(.text) refers to faddsub_clz.o(x$fpl$fsub) for __aeabi_fsub
    main.o(.text) refers to faddsub_clz.o(x$fpl$fadd) for __aeabi_fadd
    main.o(.text) refers to frleqf.o(x$fpl$frleqf) for __aeabi_cfrcmple
    main.o(.text) refers to fleqf.o(x$fpl$fleqf) for __aeabi_cfcmple
    main.o(.text) refers to usart.o(.bss) for send_buf
    main.o(.text) refers to main.o(.data) for show_flag
[...]
    __rtentry2.o(.ARM.Collect$$rtentry$$0000000A) refers to libinit.o(.ARM.Collect$$libinit$$00000000) for __rt_lib_init
    __rtentry2.o(.ARM.Collect$$rtentry$$0000000B) refers to boardinit3.o(.text) for _platform_post_lib_init
    __rtentry2.o(.ARM.Collect$$rtentry$$0000000D) refers to main.o(.text) for main
    __rtentry2.o(.ARM.Collect$$rtentry$$0000000D) refers to exit.o(.text) for exit
    __rtentry2.o(.ARM.exidx) refers to __rtentry2.o(.ARM.Collect$$rtentry$$00000001) for .ARM.Collect$$rtentry$$00000001
    __rtentry2.o(.ARM.exidx) refers to __rtentry2.o(.ARM.Collect$$rtentry$$00000008) for .ARM.Collect$$rtentry$$00000008
    __rtentry2.o(.ARM.exidx) refers to __rtentry2.o(.ARM.Collect$$rtentry$$0000000A) for .ARM.Collect$$rtentry$$0000000A
    __rtentry2.o(.ARM.exidx) refers to __rtentry2.o(.ARM.Collect$$rtentry$$0000000B) for .ARM.Collect$$rtentry$$0000000B
    __rtentry2.o(.ARM.exidx) refers to __rtentry2.o(.ARM.Collect$$rtentry$$0000000D) for .ARM.Collect$$rtentry$$0000000D
    __rtentry4.o(.ARM.Collect$$rtentry$$00000004) refers to sys_stackheap_outer.o(.text) for __user_setup_stackheap
    __rtentry4.o(.ARM.exidx) refers to __rtentry4.o(.ARM.Collect$$rtentry$$00000004) for .ARM.Collect$$rtentry$$00000004
    rt_errno_addr.o(.text) refers to rt_errno_addr.o(.bss) for __aeabi_errno_addr_data
    rt_errno_addr_intlibspace.o(.text) refers to libspace.o(.bss) for __libspace_start
    dcheck1.o(x$fpl$dcheck1) refers (Special) to usenofp.o(x$fpl$usenofp) for __I$use$fp
    dcheck1.o(x$fpl$dcheck1) refers to retnan.o(x$fpl$retnan) for __fpl_return_NaN
    dcmpi.o(x$fpl$dcmpinf) refers (Special) to usenofp.o(x$fpl$usenofp) for __I$use$fp
    dsqrt_noumaal.o(x$fpl$dsqrt) refers (Special) to usenofp.o(x$fpl$usenofp) for __I$use$fp
    dsqrt_noumaal.o(x$fpl$dsqrt) refers to dnaninf.o(x$fpl$dnaninf) for __fpl_dnaninf
    libspace.o(.text) refers to libspace.o(.bss) for __libspace_start
    sys_stackheap_outer.o(.text) refers to libspace.o(.text) for __user_perproc_libspace
    sys_stackheap_outer.o(.text) refers to startup_stm32f10x_md.o(.text) for __user_initial_stackheap
    exit.o(.text) refers to rtexit.o(.ARM.Collect$$rtexit$$00000000) for __rt_exit
    libinit.o(.ARM.Collect$$libinit$$00000000) refers (Special) to libinit2.o(.ARM.Collect$$libinit$$0000002E) for __rt_lib_init_alloca_1
    libinit.o(.ARM.Collect$$libinit$$00000000) refers (Special) to libinit2.o(.ARM.Collect$$libinit$$0000002C) for __rt_lib_init_argv_1
    libinit.o(.ARM.Collect$$libinit$$00000000) refers (Special) to libinit2.o(.ARM.Collect$$libinit$$0000001B) for __rt_lib_init_atexit_1
    libinit.o(.ARM.Collect$$libinit$$00000000) refers (Special) to libinit2.o(.ARM.Collect$$libinit$$00000021) for __rt_lib_init_clock_1
    libinit.o(.ARM.Collect$$libinit$$00000000) refers (Special) to libinit2.o(.ARM.Collect$$libinit$$00000032) for __rt_lib_init_cpp_1
    libinit.o(.ARM.Collect$$libinit$$00000000) refers (Special) to libinit2.o(.ARM.Collect$$libinit$$00000030) for __rt_lib_init_exceptions_1
    libinit.o(.ARM.Collect$$libinit$$00000000) refers (Special) to libinit2.o(.ARM.Collect$$libinit$$00000002) for __rt_lib_init_fp_1
    libinit.o(.ARM.Collect$$libinit$$00000000) refers (Special) to libinit2.o(.ARM.Collect$$libinit$$0000001F) for __rt_lib_init_fp_trap_1
    libinit.o(.ARM.Collect$$libinit$$00000000) refers (Special) to libinit2.o(.ARM.Collect$$libinit$$00000023) for __rt_lib_init_getenv_1
    libinit.o(.ARM.Collect$$libinit$$00000000) refers (Special) to libinit2.o(.ARM.Collect$$libinit$$0000000A) for __rt_lib_init_heap_1
    libinit.o(.ARM.Collect$$libinit$$00000000) refers (Special) to libinit2.o(.ARM.Collect$$libinit$$00000011) for __rt_lib_init_lc_collate_1
    libinit.o(.ARM.Collect$$libinit$$00000000) refers (Special) to libinit2.o(.ARM.Collect$$libinit$$00000013) for __rt_lib_init_lc_ctype_1
    libinit.o(.ARM.Collect$$libinit$$00000000) refers (Special) to libinit2.o(.ARM.Collect$$libinit$$00000015) for __rt_lib_init_lc_monetary_1
    libinit.o(.ARM.Collect$$libinit$$00000000) refers (Special) to libinit2.o(.ARM.Collect$$libinit$$00000017) for __rt_lib_init_lc_numeric_1
    libinit.o(.ARM.Collect$$libinit$$00000000) refers (Special) to libinit2.o(.ARM.Collect$$libinit$$00000019) for __rt_lib_init_lc_time_1
    libinit.o(.ARM.Collect$$libinit$$00000000) refers (Special) to libinit2.o(.ARM.Collect$$libinit$$00000004) for __rt_lib_init_preinit_1
    libinit.o(.ARM.Collect$$libinit$$00000000) refers (Special) to libinit2.o(.ARM.Collect$$libinit$$0000000E) for __rt_lib_init_rand_1
    libinit.o(.ARM.Collect$$libinit$$00000000) refers (Special) to libinit2.o(.ARM.Collect$$libinit$$00000033) for __rt_lib_init_return
    libinit.o(.ARM.Collect$$libinit$$00000000) refers (Special) to libinit2.o(.ARM.Collect$$libinit$$0000001D) for __rt_lib_init_signal_1
    libinit.o(.ARM.Collect$$libinit$$00000000) refers (Special) to libinit2.o(.ARM.Collect$$libinit$$00000025) for __rt_lib_init_stdio_1
    libinit.o(.ARM.Collect$$libinit$$00000000) refers (Special) to libinit2.o(.ARM.Collect$$libinit$$0000000C) for __rt_lib_init_user_alloc_1
    retnan.o(x$fpl$retnan) refers (Special) to usenofp.o(x$fpl$usenofp) for __I$use$fp
    retnan.o(x$fpl$retnan) refers to trapv.o(x$fpl$trapveneer) for __fpl_cmpreturn
    rtexit.o(.ARM.Collect$$rtexit$$00000000) refers (Special) to rtexit2.o(.ARM.Collect$$rtexit$$00000004) for __rt_exit_exit
    rtexit.o(.ARM.Collect$$rtexit$$00000000) refers (Special) to rtexit2.o(.ARM.Collect$$rtexit$$00000003) for __rt_exit_ls
    rtexit.o(.ARM.Collect$$rtexit$$00000000) refers (Special) to rtexit2.o(.ARM.Collect$$rtexit$$00000002) for __rt_exit_prels_1
    rtexit.o(.ARM.exidx) refers (Special) to rtexit2.o(.ARM.Collect$$rtexit$$00000004) for __rt_exit_exit
    rtexit.o(.ARM.exidx) refers (Special) to rtexit2.o(.ARM.Collect$$rtexit$$00000003) for __rt_exit_ls
    rtexit.o(.ARM.exidx) refers (Special) to rtexit2.o(.ARM.Collect$$rtexit$$00000002) for __rt_exit_prels_1
    rtexit.o(.ARM.exidx) refers to rtexit.o(.ARM.Collect$$rtexit$$00000000) for .ARM.Collect$$rtexit$$00000000
    libinit2.o(.ARM.Collect$$libinit$$00000010) refers to libinit2.o(.ARM.Collect$$libinit$$0000000F) for .ARM.Collect$$libinit$$0000000F
    libinit2.o(.ARM.Collect$$libinit$$00000012) refers to libinit2.o(.ARM.Collect$$libinit$$0000000F) for .ARM.Collect$$libinit$$0000000F
    libinit2.o(.ARM.Collect$$libinit$$00000014) refers to libinit2.o(.ARM.Collect$$libinit$$0000000F) for .ARM.Collect$$libinit$$0000000F
    libinit2.o(.ARM.Collect$$libinit$$00000016) refers to libinit2.o(.ARM.Collect$$libinit$$0000000F) for .ARM.Collect$$libinit$$0000000F
    libinit2.o(.ARM.Collect$$libinit$$00000018) refers to libinit2.o(.ARM.Collect$$libinit$$0000000F) for .ARM.Collect$$libinit$$0000000F
    libinit2.o(.ARM.Collect$$libinit$$00000026) refers to argv_veneer.o(.emb_text) for __ARM_argv_veneer
    libinit2.o(.ARM.Collect$$libinit$$00000027) refers to argv_veneer.o(.emb_text) for __ARM_argv_veneer
    trapv.o(x$fpl$trapveneer) refers (Special) to usenofp.o(x$fpl$usenofp) for __I$use$fp
    rtexit2.o(.ARM.Collect$$rtexit$$00000003) refers to libshutdown.o(.ARM.Collect$$libshutdown$$00000000) for __rt_lib_shutdown
    rtexit2.o(.ARM.Collect$$rtexit$$00000004) refers to usart.o(.text) for _sys_exit
    rtexit2.o(.ARM.exidx) refers to rtexit2.o(.ARM.Collect$$rtexit$$00000001) for .ARM.Collect$$rtexit$$00000001
    rtexit2.o(.ARM.exidx) refers to rtexit2.o(.ARM.Collect$$rtexit$$00000003) for .ARM.Collect$$rtexit$$00000003
    rtexit2.o(.ARM.exidx) refers to rtexit2.o(.ARM.Collect$$rtexit$$00000004) for .ARM.Collect$$rtexit$$00000004
    argv_veneer.o(.emb_text) refers to no_argv.o(.text) for __ARM_get_argv
    _get_argv_nomalloc.o(.text) refers (Special) to hrguard.o(.text) for __heap_region$guard
    _get_argv_nomalloc.o(.text) refers to defsig_rtmem_outer.o(.text) for __rt_SIGRTMEM
    _get_argv_nomalloc.o(.text) refers to sys_command.o(.text) for _sys_command_string
    libshutdown.o(.ARM.Collect$$libshutdown$$00000000) refers (Special) to libshutdown2.o(.ARM.Collect$$libshutdown$$00000002) for __rt_lib_shutdown_cpp_1
    libshutdown.o(.ARM.Collect$$libshutdown$$00000000) refers (Special) to libshutdown2.o(.ARM.Collect$$libshutdown$$00000007) for __rt_lib_shutdown_fp_trap_1
    libshutdown.o(.ARM.Collect$$libshutdown$$00000000) refers (Special) to libshutdown2.o(.ARM.Collect$$libshutdown$$0000000F) for __rt_lib_shutdown_heap_1
    libshutdown.o(.ARM.Collect$$libshutdown$$00000000) refers (Special) to libshutdown2.o(.ARM.Collect$$libshutdown$$00000010) for __rt_lib_shutdown_return
    libshutdown.o(.ARM.Collect$$libshutdown$$00000000) refers (Special) to libshutdown2.o(.ARM.Collect$$libshutdown$$0000000A) for __rt_lib_shutdown_signal_1
    libshutdown.o(.ARM.Collect$$libshutdown$$00000000) refers (Special) to libshutdown2.o(.ARM.Collect$$libshutdown$$00000004) for __rt_lib_shutdown_stdio_1
    libshutdown.o(.ARM.Collect$$libshutdown$$00000000) refers (Special) to libshutdown2.o(.ARM.Collect$$libshutdown$$0000000C) for __rt_lib_shutdown_user_alloc_1
    sys_command.o(.text) refers (Special) to use_no_semi.o(.text) for __I$use$semihosting
    sys_command.o(.text) refers (Special) to indicate_semi.o(.text) for __semihosting_library_function
    defsig_rtmem_outer.o(.text) refers to defsig_rtmem_inner.o(.text) for __rt_SIGRTMEM_inner
    defsig_rtmem_outer.o(.text) refers to defsig_exit.o(.text) for __sig_exit
    defsig_rtmem_formal.o(.text) refers to rt_raise.o(.text) for __rt_raise
    rt_raise.o(.text) refers to __raise.o(.text) for __raise
    rt_raise.o(.text) refers to usart.o(.text) for _sys_exit
    defsig_exit.o(.text) refers to usart.o(.text) for _sys_exit
    defsig_rtmem_inner.o(.text) refers to defsig_general.o(.text) for __default_signal_display
    __raise.o(.text) refers to defsig.o(CL$$defsig) for __default_signal_handler
    defsig_general.o(.text) refers to sys_wrch.o(.text) for _ttywrch
    sys_wrch.o(.text) refers (Special) to use_no_semi.o(.text) for __I$use$semihosting
    sys_wrch.o(.text) refers (Special) to indicate_semi.o(.text) for __semihosting_library_function
    defsig.o(CL$$defsig) refers to defsig_rtmem_inner.o(.text) for __rt_SIGRTMEM_inner
    defsig_abrt_inner.o(.text) refers to defsig_general.o(.text) for __default_signal_display
    defsig_fpe_inner.o(.text) refers to defsig_general.o(.text) for __default_signal_display
    defsig_rtred_inner.o(.text) refers to defsig_general.o(.text) for __default_signal_display
    defsig_stak_inner.o(.text) refers to defsig_general.o(.text) for __default_signal_display
    defsig_pvfn_inner.o(.text) refers to defsig_general.o(.text) for __default_signal_display
    defsig_cppl_inner.o(.text) refers to defsig_general.o(.text) for __default_signal_display
    defsig_segv_inner.o(.text) refers to defsig_general.o(.text) for __default_signal_display
    defsig_other.o(.text) refers to defsig_general.o(.text) for __default_signal_display


==============================================================================

Image Symbol Table

    Local Symbols

    Symbol Name                              Value     Ov Type        Size  Object(Section)

    ../clib/angel/boardlib.s                 0x00000000   Number         0  boardinit3.o ABSOLUTE
    ../clib/angel/boardlib.s                 0x00000000   Number         0  boardinit2.o ABSOLUTE
    ../clib/angel/boardlib.s                 0x00000000   Number         0  boardinit1.o ABSOLUTE
    ../clib/angel/boardlib.s                 0x00000000   Number         0  boardshut.o ABSOLUTE
    ../clib/angel/handlers.s                 0x00000000   Number         0  __scatter_copy.o ABSOLUTE
    ../clib/angel/handlers.s                 0x00000000   Number         0  __scatter_zi.o ABSOLUTE
    ../clib/angel/kernel.s                   0x00000000   Number         0  __rtentry2.o ABSOLUTE
    ../clib/angel/kernel.s                   0x00000000   Number         0  rtexit.o ABSOLUTE
    ../clib/angel/kernel.s                   0x00000000   Number         0  __rtentry4.o ABSOLUTE
    ../clib/angel/kernel.s                   0x00000000   Number         0  __rtentry.o ABSOLUTE
    ../clib/angel/kernel.s                   0x00000000   Number         0  rtexit2.o ABSOLUTE
    ../clib/angel/rt.s                       0x00000000   Number         0  rt_errno_addr_intlibspace.o ABSOLUTE
    ../clib/angel/rt.s                       0x00000000   Number         0  rt_errno_addr.o ABSOLUTE
    ../clib/angel/rt.s                       0x00000000   Number         0  rt_raise.o ABSOLUTE
    ../clib/angel/scatter.s                  0x00000000   Number         0  __scatter.o ABSOLUTE
    ../clib/angel/startup.s                  0x00000000   Number         0  __main.o ABSOLUTE
    ../clib/angel/sys.s                      0x00000000   Number         0  libspace.o ABSOLUTE
    ../clib/angel/sys.s                      0x00000000   Number         0  use_no_semi_2.o ABSOLUTE
    ../clib/angel/sys.s                      0x00000000   Number         0  use_no_semi.o ABSOLUTE
    ../clib/angel/sys.s                      0x00000000   Number         0  indicate_semi.o ABSOLUTE
    ../clib/angel/sys.s                      0x00000000   Number         0  sys_stackheap_outer.o ABSOLUTE
    ../clib/angel/sysapp.c                   0x00000000   Number         0  sys_command.o ABSOLUTE
    ../clib/angel/sysapp.c                   0x00000000   Number         0  sys_wrch.o ABSOLUTE
    ../clib/armsys.c                         0x00000000   Number         0  _get_argv_nomalloc.o ABSOLUTE
    ../clib/armsys.c                         0x00000000   Number         0  argv_veneer.o ABSOLUTE
    ../clib/armsys.c                         0x00000000   Number         0  argv_veneer.o ABSOLUTE
    ../clib/armsys.c                         0x00000000   Number         0  no_argv.o ABSOLUTE
    ../clib/fenv.c                           0x00000000   Number         0  _rserrno.o ABSOLUTE
    ../clib/heapalloc.c                      0x00000000   Number         0  hrguard.o ABSOLUTE
    ../clib/heapaux.c                        0x00000000   Number         0  heapauxi.o ABSOLUTE
    ../clib/libinit.s                        0x00000000   Number         0  libinit2.o ABSOLUTE
    ../clib/libinit.s                        0x00000000   Number         0  libshutdown2.o ABSOLUTE
    ../clib/libinit.s                        0x00000000   Number         0  libinit.o ABSOLUTE
    ../clib/libinit.s                        0x00000000   Number         0  libshutdown.o ABSOLUTE
    ../clib/memcpset.s                       0x00000000   Number         0  rt_memclr_w.o ABSOLUTE
    ../clib/signal.c                         0x00000000   Number         0  defsig_other.o ABSOLUTE
    ../clib/signal.c                         0x00000000   Number         0  defsig_segv_inner.o ABSOLUTE
    ../clib/signal.c                         0x00000000   Number         0  defsig_exit.o ABSOLUTE
    ../clib/signal.c                         0x00000000   Number         0  defsig_pvfn_inner.o ABSOLUTE
    ../clib/signal.c                         0x00000000   Number         0  defsig_stak_inner.o ABSOLUTE
    ../clib/signal.c                         0x00000000   Number         0  defsig_rtred_inner.o ABSOLUTE
    ../clib/signal.c                         0x00000000   Number         0  defsig_fpe_inner.o ABSOLUTE
    ../clib/signal.c                         0x00000000   Number         0  defsig_abrt_inner.o ABSOLUTE
    ../clib/signal.c                         0x00000000   Number         0  defsig_general.o ABSOLUTE
    ../clib/signal.c                         0x00000000   Number         0  __raise.o ABSOLUTE
    ../clib/signal.c                         0x00000000   Number         0  defsig_rtmem_inner.o ABSOLUTE
    ../clib/signal.c                         0x00000000   Number         0  defsig_rtmem_formal.o ABSOLUTE
    ../clib/signal.c                         0x00000000   Number         0  defsig_rtmem_outer.o ABSOLUTE
    ../clib/signal.c                         0x00000000   Number         0  defsig_cppl_inner.o ABSOLUTE
    ../clib/signal.s                         0x00000000   Number         0  defsig.o ABSOLUTE
    ../clib/stdlib.c                         0x00000000   Number         0  exit.o ABSOLUTE
    ../fplib/d2f.s                           0x00000000   Number         0  d2f.o ABSOLUTE
    ../fplib/daddsub.s                       0x00000000   Number         0  daddsub_clz.o ABSOLUTE
    ../fplib/dcheck1.s                       0x00000000   Number         0  dcheck1.o ABSOLUTE
    ../fplib/dcmpi.s                         0x00000000   Number         0  dcmpi.o ABSOLUTE
    ../fplib/ddiv.s                          0x00000000   Number         0  ddiv.o ABSOLUTE
    ../fplib/dfix.s                          0x00000000   Number         0  dfix.o ABSOLUTE
    ../fplib/dfixu.s                         0x00000000   Number         0  dfixu.o ABSOLUTE
    ../fplib/dflt.s                          0x00000000   Number         0  dflt_clz.o ABSOLUTE
    ../fplib/dleqf.s                         0x00000000   Number         0  dleqf.o ABSOLUTE
    ../fplib/dmul.s                          0x00000000   Number         0  dmul.o ABSOLUTE
    ../fplib/dnaninf.s                       0x00000000   Number         0  dnaninf.o ABSOLUTE
    ../fplib/dretinf.s                       0x00000000   Number         0  dretinf.o ABSOLUTE
    ../fplib/drleqf.s                        0x00000000   Number         0  drleqf.o ABSOLUTE
    ../fplib/dsqrt.s                         0x00000000   Number         0  dsqrt_noumaal.o ABSOLUTE
    ../fplib/f2d.s                           0x00000000   Number         0  f2d.o ABSOLUTE
    ../fplib/faddsub.s                       0x00000000   Number         0  faddsub_clz.o ABSOLUTE
    ../fplib/fcmpi.s                         0x00000000   Number         0  fcmpi.o ABSOLUTE
    ../fplib/fdiv.s                          0x00000000   Number         0  fdiv.o ABSOLUTE
    ../fplib/ffix.s                          0x00000000   Number         0  ffix.o ABSOLUTE
    ../fplib/ffixu.s                         0x00000000   Number         0  ffixu.o ABSOLUTE
    ../fplib/fflt.s                          0x00000000   Number         0  fflt_clz.o ABSOLUTE
    ../fplib/fleqf.s                         0x00000000   Number         0  fleqf.o ABSOLUTE
    ../fplib/fmul.s                          0x00000000   Number         0  fmul.o ABSOLUTE
    ../fplib/fnaninf.s                       0x00000000   Number         0  fnaninf.o ABSOLUTE
    ../fplib/fpinit.s                        0x00000000   Number         0  fpinit.o ABSOLUTE
    ../fplib/fretinf.s                       0x00000000   Number         0  fretinf.o ABSOLUTE
    ../fplib/frleqf.s                        0x00000000   Number         0  frleqf.o ABSOLUTE
    ../fplib/retnan.s                        0x00000000   Number         0  retnan.o ABSOLUTE
    ../fplib/scalbn.s                        0x00000000   Number         0  scalbn.o ABSOLUTE
    ../fplib/trapv.s                         0x00000000   Number         0  trapv.o ABSOLUTE
    ../fplib/usenofp.s                       0x00000000   Number         0  usenofp.o ABSOLUTE
    ../mathlib/dunder.c                      0x00000000   Number         0  dunder.o ABSOLUTE
    ../mathlib/fpclassify.c                  0x00000000   Number         0  fpclassify.o ABSOLUTE
    ../mathlib/poly.c                        0x00000000   Number         0  poly.o ABSOLUTE
    ../mathlib/pow.c                         0x00000000   Number         0  pow.o ABSOLUTE
    ../mathlib/pow.c                         0x00000000   Number         0  pow_x.o ABSOLUTE
    ../mathlib/qnan.c                        0x00000000   Number         0  qnan.o ABSOLUTE
    ../mathlib/sqrt.c                        0x00000000   Number         0  sqrt.o ABSOLUTE
    ../mathlib/sqrt.c                        0x00000000   Number         0  sqrt_x.o ABSOLUTE
    ..\Hardware\ADC\adc.c                    0x00000000   Number         0  adc.o ABSOLUTE
    ..\Hardware\DMA\DMA.c                    0x00000000   Number         0  dma.o ABSOLUTE
    ..\Hardware\ENCODER\encoder.c            0x00000000   Number         0  encoder.o ABSOLUTE
    ..\Hardware\KEY\key.c                    0x00000000   Number         0  key.o ABSOLUTE
    ..\Hardware\LED\LED.C                    0x00000000   Number         0  led.o ABSOLUTE
    ..\Hardware\MOTOR\motor.c                0x00000000   Number         0  motor.o ABSOLUTE
    ..\Hardware\OLED\oled.c                  0x00000000   Number         0  oled.o ABSOLUTE
    ..\System\delay\delay.c                  0x00000000   Number         0  delay.o ABSOLUTE
    ..\System\sys\sys.c                      0x00000000   Number         0  sys.o ABSOLUTE
    ..\System\usart\usart.c                  0x00000000   Number         0  usart.o ABSOLUTE
    ..\\System\\sys\\sys.c                   0x00000000   Number         0  sys.o ABSOLUTE
    dc.s                                     0x00000000   Number         0  dc.o ABSOLUTE
    main.c                                   0x00000000   Number         0  main.o ABSOLUTE
    startup_stm32f10x_md.s                   0x00000000   Number         0  startup_stm32f10x_md.o ABSOLUTE
    RESET                                    0x08000000   Section      236  startup_stm32f10x_md.o(RESET)
    !!!main                                  0x080000ec   Section        8  __main.o(!!!main)
    !!!scatter                               0x080000f4   Section       52  __scatter.o(!!!scatter)
    !!handler_copy                           0x08000128   Section       26  __scatter_copy.o(!!handler_copy)
    !!handler_zi                             0x08000144   Section       28  __scatter_zi.o(!!handler_zi)
    .ARM.Collect$$libinit$$00000000          0x08000160   Section        2  libinit.o(.ARM.Collect$$libinit$$00000000)
    .ARM.Collect$$libinit$$00000002          0x08000162   Section        0  libinit2.o(.ARM.Collect$$libinit$$00000002)
    .ARM.Collect$$libinit$$00000004          0x08000162   Section        0  libinit2.o(.ARM.Collect$$libinit$$00000004)
    .ARM.Collect$$libinit$$0000000A          0x08000162   Section        0  libinit2.o(.ARM.Collect$$libinit$$0000000A)
    .ARM.Collect$$libinit$$0000000C          0x08000162   Section        0  libinit2.o(.ARM.Collect$$libinit$$0000000C)
    .ARM.Collect$$libinit$$0000000E          0x08000162   Section        0  libinit2.o(.ARM.Collect$$libinit$$0000000E)
    .ARM.Collect$$libinit$$00000011          0x08000162   Section        0  libinit2.o(.ARM.Collect$$libinit$$00000011)
    .ARM.Collect$$libinit$$00000013          0x08000162   Section        0  libinit2.o(.ARM.Collect$$libinit$$00000013)
    .ARM.Collect$$libinit$$00000015          0x08000162   Section        0  libinit2.o(.ARM.Collect$$libinit$$00000015)
    .ARM.Collect$$libinit$$00000017          0x08000162   Section        0  libinit2.o(.ARM.Collect$$libinit$$00000017)
    .ARM.Collect$$libinit$$00000019          0x08000162   Section        0  libinit2.o(.ARM.Collect$$libinit$$00000019)
    .ARM.Collect$$libinit$$0000001B          0x08000162   Section        0  libinit2.o(.ARM.Collect$$libinit$$0000001B)
    .ARM.Collect$$libinit$$0000001D          0x08000162   Section        0  libinit2.o(.ARM.Collect$$libinit$$0000001D)
    .ARM.Collect$$libinit$$0000001F          0x08000162   Section        0  libinit2.o(.ARM.Collect$$libinit$$0000001F)
    .ARM.Collect$$libinit$$00000021          0x08000162   Section        0  libinit2.o(.ARM.Collect$$libinit$$00000021)
    .ARM.Collect$$libinit$$00000023          0x08000162   Section        0  libinit2.o(.ARM.Collect$$libinit$$00000023)
    .ARM.Collect$$libinit$$00000025          0x08000162   Section        0  libinit2.o(.ARM.Collect$$libinit$$00000025)
    .ARM.Collect$$libinit$$0000002C          0x08000162   Section        0  libinit2.o(.ARM.Collect$$libinit$$0000002C)
    .ARM.Collect$$libinit$$0000002E          0x08000162   Section        0  libinit2.o(.ARM.Collect$$libinit$$0000002E)
    .ARM.Collect$$libinit$$00000030          0x08000162   Section        0  libinit2.o(.ARM.Collect$$libinit$$00000030)
    .ARM.Collect$$libinit$$00000032          0x08000162   Section        0  libinit2.o(.ARM.Collect$$libinit$$00000032)
    .ARM.Collect$$libinit$$00000033          0x08000162   Section        2  libinit2.o(.ARM.Collect$$libinit$$00000033)
    .ARM.Collect$$libshutdown$$00000000      0x08000164   Section        2  libshutdown.o(.ARM.Collect$$libshutdown$$00000000)
    .ARM.Collect$$libshutdown$$00000002      0x08000166   Section        0  libshutdown2.o(.ARM.Collect$$libshutdown$$00000002)
    .ARM.Collect$$libshutdown$$00000004      0x08000166   Section        0  libshutdown2.o(.ARM.Collect$$libshutdown$$00000004)
    .ARM.Collect$$libshutdown$$00000007      0x08000166   Section        0  libshutdown2.o(.ARM.Collect$$libshutdown$$00000007)
    .ARM.Collect$$libshutdown$$0000000A      0x08000166   Section        0  libshutdown2.o(.ARM.Collect$$libshutdown$$0000000A)
    .ARM.Collect$$libshutdown$$0000000C      0x08000166   Section        0  libshutdown2.o(.ARM.Collect$$libshutdown$$0000000C)
    .ARM.Collect$$libshutdown$$0000000F      0x08000166   Section        0  libshutdown2.o(.ARM.Collect$$libshutdown$$0000000F)
    .ARM.Collect$$libshutdown$$00000010      0x08000166   Section        2  libshutdown2.o(.ARM.Collect$$libshutdown$$00000010)
    .ARM.Collect$$rtentry$$00000000          0x08000168   Section        0  __rtentry.o(.ARM.Collect$$rtentry$$00000000)
    .ARM.Collect$$rtentry$$00000002          0x08000168   Section        0  __rtentry2.o(.ARM.Collect$$rtentry$$00000002)
    .ARM.Collect$$rtentry$$00000004          0x08000168   Section        6  __rtentry4.o(.ARM.Collect$$rtentry$$00000004)
    .ARM.Collect$$rtentry$$00000009          0x0800016e   Section        0  __rtentry2.o(.ARM.Collect$$rtentry$$00000009)
    .ARM.Collect$$rtentry$$0000000A          0x0800016e   Section        4  __rtentry2.o(.ARM.Collect$$rtentry$$0000000A)
    .ARM.Collect$$rtentry$$0000000C          0x08000172   Section        0  __rtentry2.o(.ARM.Collect$$rtentry$$0000000C)
    .ARM.Collect$$rtentry$$0000000D          0x08000172   Section        8  __rtentry2.o(.ARM.Collect$$rtentry$$0000000D)
    .ARM.Collect$$rtexit$$00000000           0x0800017a   Section        2  rtexit.o(.ARM.Collect$$rtexit$$00000000)
    .ARM.Collect$$rtexit$$00000002           0x0800017c   Section        0  rtexit2.o(.ARM.Collect$$rtexit$$00000002)
    .ARM.Collect$$rtexit$$00000003           0x0800017c   Section        4  rtexit2.o(.ARM.Collect$$rtexit$$00000003)
    .ARM.Collect$$rtexit$$00000004           0x08000180   Section        6  rtexit2.o(.ARM.Collect$$rtexit$$00000004)
    .emb_text                                0x08000188   Section       12  sys.o(.emb_text)
    .text                                    0x08000194   Section       56  startup_stm32f10x_md.o(.text)
    .text                                    0x080001cc   Section        0  adc.o(.text)
    .text                                    0x080003e0   Section        0  key.o(.text)
    .text                                    0x08000580   Section        0  led.o(.text)
    .text                                    0x0800061c   Section        0  motor.o(.text)
    .text                                    0x08000720   Section        0  oled.o(.text)
    .text                                    0x08001008   Section        0  encoder.o(.text)
    .text                                    0x08001200   Section        0  dma.o(.text)
    .text                                    0x080012ac   Section        0  delay.o(.text)
    .text                                    0x0800135c   Section        0  sys.o(.text)
    .text                                    0x08001618   Section        0  usart.o(.text)
    .text                                    0x08002040   Section        0  main.o(.text)
    .text                                    0x080028b4   Section        2  use_no_semi_2.o(.text)
    .text                                    0x080028b6   Section       78  rt_memclr_w.o(.text)
    .text                                    0x08002904   Section        0  heapauxi.o(.text)
    .text                                    0x0800290a   Section        2  use_no_semi.o(.text)
    .text                                    0x0800290c   Section        0  _rserrno.o(.text)
    .text                                    0x08002924   Section        8  rt_errno_addr_intlibspace.o(.text)
    .text                                    0x0800292c   Section        8  libspace.o(.text)
    .text                                    0x08002934   Section       74  sys_stackheap_outer.o(.text)
    .text                                    0x0800297e   Section        0  exit.o(.text)
    i.__ARM_fpclassify                       0x08002990   Section        0  fpclassify.o(i.__ARM_fpclassify)
    i.__kernel_poly                          0x080029b8   Section        0  poly.o(i.__kernel_poly)
    i.__mathlib_dbl_divzero                  0x08002a64   Section        0  dunder.o(i.__mathlib_dbl_divzero)
    i.__mathlib_dbl_infnan2                  0x08002a74   Section        0  dunder.o(i.__mathlib_dbl_infnan2)
    i.__mathlib_dbl_invalid                  0x08002a78   Section        0  dunder.o(i.__mathlib_dbl_invalid)
    i.__mathlib_dbl_overflow                 0x08002a84   Section        0  dunder.o(i.__mathlib_dbl_overflow)
    i.__mathlib_dbl_underflow                0x08002a94   Section        0  dunder.o(i.__mathlib_dbl_underflow)
    i.pow                                    0x08002aa4   Section        0  pow.o(i.pow)
    i.sqrt                                   0x0800347c   Section        0  sqrt.o(i.sqrt)
    x$fpl$d2f                                0x080034c8   Section       98  d2f.o(x$fpl$d2f)
    x$fpl$dadd                               0x0800352c   Section      336  daddsub_clz.o(x$fpl$dadd)
    _dadd1                                   0x0800353d   Thumb Code     0  daddsub_clz.o(x$fpl$dadd)
    x$fpl$dcheck1                            0x0800367c   Section       16  dcheck1.o(x$fpl$dcheck1)
    x$fpl$dcmpinf                            0x0800368c   Section       24  dcmpi.o(x$fpl$dcmpinf)
    x$fpl$ddiv                               0x080036a4   Section      688  ddiv.o(x$fpl$ddiv)
    ddiv_entry                               0x080036ab   Thumb Code     0  ddiv.o(x$fpl$ddiv)
    x$fpl$dfix                               0x08003954   Section       94  dfix.o(x$fpl$dfix)
    x$fpl$dfixu                              0x080039b4   Section       90  dfixu.o(x$fpl$dfixu)
    x$fpl$dflt                               0x08003a0e   Section       46  dflt_clz.o(x$fpl$dflt)
    x$fpl$dfltu                              0x08003a3c   Section       38  dflt_clz.o(x$fpl$dfltu)
    x$fpl$dleqf                              0x08003a64   Section      120  dleqf.o(x$fpl$dleqf)
    x$fpl$dmul                               0x08003adc   Section      340  dmul.o(x$fpl$dmul)
    x$fpl$dnaninf                            0x08003c30   Section      156  dnaninf.o(x$fpl$dnaninf)
    x$fpl$dretinf                            0x08003ccc   Section       12  dretinf.o(x$fpl$dretinf)
    x$fpl$drleqf                             0x08003cd8   Section      108  drleqf.o(x$fpl$drleqf)
    x$fpl$drsb                               0x08003d44   Section       22  daddsub_clz.o(x$fpl$drsb)
    x$fpl$dsqrt                              0x08003d5c   Section      460  dsqrt_noumaal.o(x$fpl$dsqrt)
    x$fpl$dsub                               0x08003f28   Section      468  daddsub_clz.o(x$fpl$dsub)
    _dsub1                                   0x08003f39   Thumb Code     0  daddsub_clz.o(x$fpl$dsub)
    x$fpl$f2d                                0x080040fc   Section       86  f2d.o(x$fpl$f2d)
    x$fpl$fadd                               0x08004154   Section      196  faddsub_clz.o(x$fpl$fadd)
    _fadd1                                   0x08004163   Thumb Code     0  faddsub_clz.o(x$fpl$fadd)
    x$fpl$fcmpinf                            0x08004218   Section       24  fcmpi.o(x$fpl$fcmpinf)
    x$fpl$fdiv                               0x08004230   Section      388  fdiv.o(x$fpl$fdiv)
    _fdiv1                                   0x08004231   Thumb Code     0  fdiv.o(x$fpl$fdiv)
    x$fpl$ffix                               0x080043b4   Section       54  ffix.o(x$fpl$ffix)
    x$fpl$ffixu                              0x080043ec   Section       62  ffixu.o(x$fpl$ffixu)
    x$fpl$fflt                               0x0800442c   Section       48  fflt_clz.o(x$fpl$fflt)
    x$fpl$ffltu                              0x0800445c   Section       38  fflt_clz.o(x$fpl$ffltu)
    x$fpl$fleqf                              0x08004484   Section      104  fleqf.o(x$fpl$fleqf)
    x$fpl$fmul                               0x080044ec   Section      258  fmul.o(x$fpl$fmul)
    x$fpl$fnaninf                            0x080045ee   Section      140  fnaninf.o(x$fpl$fnaninf)
    x$fpl$fretinf                            0x0800467a   Section       10  fretinf.o(x$fpl$fretinf)
    x$fpl$frleqf                             0x08004684   Section       98  frleqf.o(x$fpl$frleqf)
    x$fpl$frsb                               0x080046e6   Section       20  faddsub_clz.o(x$fpl$frsb)
    x$fpl$fsub                               0x080046fc   Section      234  faddsub_clz.o(x$fpl$fsub)
    _fsub1                                   0x0800470b   Thumb Code     0  faddsub_clz.o(x$fpl$fsub)
    x$fpl$retnan                             0x080047e6   Section      100  retnan.o(x$fpl$retnan)
    x$fpl$scalbn                             0x0800484a   Section       92  scalbn.o(x$fpl$scalbn)
    x$fpl$trapveneer                         0x080048a6   Section       48  trapv.o(x$fpl$trapveneer)
    .constdata                               0x080048d6   Section     2660  oled.o(.constdata)
    x$fpl$usenofp                            0x080048d6   Section        0  usenofp.o(x$fpl$usenofp)
    .constdata                               0x08005340   Section      136  pow.o(.constdata)
    bp                                       0x08005340   Data          16  pow.o(.constdata)
    dp_h                                     0x08005350   Data          16  pow.o(.constdata)
    dp_l                                     0x08005360   Data          16  pow.o(.constdata)
    L                                        0x08005370   Data          48  pow.o(.constdata)
    P                                        0x080053a0   Data          40  pow.o(.constdata)
    .constdata                               0x080053c8   Section        8  qnan.o(.constdata)
    .data                                    0x20000000   Section       14  key.o(.data)
    flag_key                                 0x20000000   Data           1  key.o(.data)
    count_key                                0x20000001   Data           1  key.o(.data)
    double_key                               0x20000002   Data           1  key.o(.data)
    count_single                             0x20000004   Data           2  key.o(.data)
    Forever_count                            0x20000006   Data           2  key.o(.data)
    count_2                                  0x20000008   Data           2  key.o(.data)
    count_3                                  0x2000000a   Data           2  key.o(.data)
    flag_key                                 0x2000000c   Data           2  key.o(.data)
    .data                                    0x20000010   Section        8  led.o(.data)
    last_time                                0x20000010   Data           4  led.o(.data)
    temp                                     0x20000014   Data           4  led.o(.data)
    .data                                    0x20000018   Section        1  oled.o(.data)
    display                                  0x20000018   Data           1  oled.o(.data)
    .data                                    0x2000001a   Section        4  delay.o(.data)
    fac_us                                   0x2000001a   Data           1  delay.o(.data)
    fac_ms                                   0x2000001c   Data           2  delay.o(.data)
    .data                                    0x20000020   Section       34  usart.o(.data)
    i                                        0x20000040   Data           1  usart.o(.data)
    i                                        0x20000041   Data           1  usart.o(.data)
    .data                                    0x20000044   Section      112  main.o(.data)
    time_in                                  0x2000008c   Data           4  main.o(.data)
    flag_in_1                                0x20000090   Data           1  main.o(.data)
    flag_in_1                                0x20000091   Data           1  main.o(.data)
    flag                                     0x20000092   Data           1  main.o(.data)
    flag1                                    0x20000093   Data           1  main.o(.data)
    velocity                                 0x20000094   Data           4  main.o(.data)
    bias                                     0x20000098   Data           4  main.o(.data)
    Last_bias                                0x2000009c   Data           4  main.o(.data)
    error                                    0x200000a0   Data           4  main.o(.data)
    Last_Bias                                0x200000a4   Data           4  main.o(.data)
    PWM                                      0x200000a8   Data           4  main.o(.data)
    Bias                                     0x200000ac   Data           4  main.o(.data)
    Differential                             0x200000b0   Data           4  main.o(.data)
    .bss                                     0x200000b4   Section     1024  oled.o(.bss)
    .bss                                     0x200004b4   Section      212  usart.o(.bss)
    SEND_DATA                                0x20000560   Data          40  usart.o(.bss)
    .bss                                     0x20000588   Section       96  libspace.o(.bss)
    HEAP                                     0x200005e8   Section      512  startup_stm32f10x_md.o(HEAP)
    Heap_Mem                                 0x200005e8   Data         512  startup_stm32f10x_md.o(HEAP)
    STACK                                    0x200007e8   Section     1024  startup_stm32f10x_md.o(STACK)
    Stack_Mem                                0x200007e8   Data        1024  startup_stm32f10x_md.o(STACK)
    __initial_sp                             0x20000be8   Data           0  startup_stm32f10x_md.o(STACK)

    Global Symbols

    Symbol Name                              Value     Ov Type        Size  Object(Section)

    BuildAttributes$$THM_ISAv4$P$D$K$B$S$PE$A:L22UL41UL21$X:L11$S22US41US21$IEEE1$IW$USESV6$~STKCKD$USESV7$~SHL$OTIME$ROPI$IEEEX$EBA8$UX$STANDARDLIB$REQ8$PRES8$EABIv2 0x00000000   Number         0  anon$$obj.o ABSOLUTE
    __ARM_use_no_argv                        0x00000000   Number         0  main.o ABSOLUTE
    __ARM_exceptions_init                     - Undefined Weak Reference
    __alloca_initialize                       - Undefined Weak Reference
    __arm_preinit_                            - Undefined Weak Reference
    __cpp_initialize__aeabi_                  - Undefined Weak Reference
    __cxa_finalize                            - Undefined Weak Reference
    __rt_locale                               - Undefined Weak Reference
    __sigvec_lookup                           - Undefined Weak Reference
    _atexit_init                              - Undefined Weak Reference
    _call_atexit_fns                          - Undefined Weak Reference
    _clock_init                               - Undefined Weak Reference
    _fp_trap_init                             - Undefined Weak Reference
    _fp_trap_shutdown                         - Undefined Weak Reference
    _get_lc_collate                           - Undefined Weak Reference
    _get_lc_ctype                             - Undefined Weak Reference
    _get_lc_monetary                          - Undefined Weak Reference
    _get_lc_numeric                           - Undefined Weak Reference
    _get_lc_time                              - Undefined Weak Reference
    _getenv_init                              - Undefined Weak Reference
    _handle_redirection                       - Undefined Weak Reference
    _init_alloc                               - Undefined Weak Reference
    _init_user_alloc                          - Undefined Weak Reference
    _initio                                   - Undefined Weak Reference
    _rand_init                                - Undefined Weak Reference
    _signal_finish                            - Undefined Weak Reference
    _signal_init                              - Undefined Weak Reference
    _terminate_alloc                          - Undefined Weak Reference
    _terminate_user_alloc                     - Undefined Weak Reference
    _terminateio                              - Undefined Weak Reference
    __Vectors_Size                           0x000000ec   Number         0  startup_stm32f10x_md.o ABSOLUTE
    __Vectors                                0x08000000   Data           4  startup_stm32f10x_md.o(RESET)
    __Vectors_End                            0x080000ec   Data           0  startup_stm32f10x_md.o(RESET)
    __main                                   0x080000ed   Thumb Code     8  __main.o(!!!main)
    __scatterload                            0x080000f5   Thumb Code     0  __scatter.o(!!!scatter)
    __scatterload_rt2                        0x080000f5   Thumb Code    44  __scatter.o(!!!scatter)
    __scatterload_rt2_thumb_only             0x080000f5   Thumb Code     0  __scatter.o(!!!scatter)
    __scatterload_null                       0x08000103   Thumb Code     0  __scatter.o(!!!scatter)
    __scatterload_copy                       0x08000129   Thumb Code    26  __scatter_copy.o(!!handler_copy)
    __scatterload_zeroinit                   0x08000145   Thumb Code    28  __scatter_zi.o(!!handler_zi)
    __rt_lib_init                            0x08000161   Thumb Code     0  libinit.o(.ARM.Collect$$libinit$$00000000)
    __rt_lib_init_alloca_1                   0x08000163   Thumb Code     0  libinit2.o(.ARM.Collect$$libinit$$0000002E)
    __rt_lib_init_argv_1                     0x08000163   Thumb Code     0  libinit2.o(.ARM.Collect$$libinit$$0000002C)
    __rt_lib_init_atexit_1                   0x08000163   Thumb Code     0  libinit2.o(.ARM.Collect$$libinit$$0000001B)
    __rt_lib_init_clock_1                    0x08000163   Thumb Code     0  libinit2.o(.ARM.Collect$$libinit$$00000021)
    __rt_lib_init_cpp_1                      0x08000163   Thumb Code     0  libinit2.o(.ARM.Collect$$libinit$$00000032)
    __rt_lib_init_exceptions_1               0x08000163   Thumb Code     0  libinit2.o(.ARM.Collect$$libinit$$00000030)
    __rt_lib_init_fp_1                       0x08000163   Thumb Code     0  libinit2.o(.ARM.Collect$$libinit$$00000002)
    __rt_lib_init_fp_trap_1                  0x08000163   Thumb Code     0  libinit2.o(.ARM.Collect$$libinit$$0000001F)
    __rt_lib_init_getenv_1                   0x08000163   Thumb Code     0  libinit2.o(.ARM.Collect$$libinit$$00000023)
    __rt_lib_init_heap_1                     0x08000163   Thumb Code     0  libinit2.o(.ARM.Collect$$libinit$$0000000A)
    __rt_lib_init_lc_collate_1               0x08000163   Thumb Code     0  libinit2.o(.ARM.Collect$$libinit$$00000011)
    __rt_lib_init_lc_ctype_1                 0x08000163   Thumb Code     0  libinit2.o(.ARM.Collect$$libinit$$00000013)
    __rt_lib_init_lc_monetary_1              0x08000163   Thumb Code     0  libinit2.o(.ARM.Collect$$libinit$$00000015)
    __rt_lib_init_lc_numeric_1               0x08000163   Thumb Code     0  libinit2.o(.ARM.Collect$$libinit$$00000017)
    __rt_lib_init_lc_time_1                  0x08000163   Thumb Code     0  libinit2.o(.ARM.Collect$$libinit$$00000019)
    __rt_lib_init_preinit_1                  0x08000163   Thumb Code     0  libinit2.o(.ARM.Collect$$libinit$$00000004)
    __rt_lib_init_rand_1                     0x08000163   Thumb Code     0  libinit2.o(.ARM.Collect$$libinit$$0000000E)
    __rt_lib_init_return                     0x08000163   Thumb Code     0  libinit2.o(.ARM.Collect$$libinit$$00000033)
    __rt_lib_init_signal_1                   0x08000163   Thumb Code     0  libinit2.o(.ARM.Collect$$libinit$$0000001D)
    __rt_lib_init_stdio_1                    0x08000163   Thumb Code     0  libinit2.o(.ARM.Collect$$libinit$$00000025)
    __rt_lib_init_user_alloc_1               0x08000163   Thumb Code     0  libinit2.o(.ARM.Collect$$libinit$$0000000C)
    __rt_lib_shutdown                        0x08000165   Thumb Code     0  libshutdown.o(.ARM.Collect$$libshutdown$$00000000)
    __rt_lib_shutdown_cpp_1                  0x08000167   Thumb Code     0  libshutdown2.o(.ARM.Collect$$libshutdown$$00000002)
    __rt_lib_shutdown_fp_trap_1              0x08000167   Thumb Code     0  libshutdown2.o(.ARM.Collect$$libshutdown$$00000007)
    __rt_lib_shutdown_heap_1                 0x08000167   Thumb Code     0  libshutdown2.o(.ARM.Collect$$libshutdown$$0000000F)
    __rt_lib_shutdown_return                 0x08000167   Thumb Code     0  libshutdown2.o(.ARM.Collect$$libshutdown$$00000010)
    __rt_lib_shutdown_signal_1               0x08000167   Thumb Code     0  libshutdown2.o(.ARM.Collect$$libshutdown$$0000000A)
    __rt_lib_shutdown_stdio_1                0x08000167   Thumb Code     0  libshutdown2.o(.ARM.Collect$$libshutdown$$00000004)
    __rt_lib_shutdown_user_alloc_1           0x08000167   Thumb Code     0  libshutdown2.o(.ARM.Collect$$libshutdown$$0000000C)
    __rt_entry                               0x08000169   Thumb Code     0  __rtentry.o(.ARM.Collect$$rtentry$$00000000)
    __rt_entry_presh_1                       0x08000169   Thumb Code     0  __rtentry2.o(.ARM.Collect$$rtentry$$00000002)
    __rt_entry_sh                            0x08000169   Thumb Code     0  __rtentry4.o(.ARM.Collect$$rtentry$$00000004)
    __rt_entry_li                            0x0800016f   Thumb Code     0  __rtentry2.o(.ARM.Collect$$rtentry$$0000000A)
    __rt_entry_postsh_1                      0x0800016f   Thumb Code     0  __rtentry2.o(.ARM.Collect$$rtentry$$00000009)
    __rt_entry_main                          0x08000173   Thumb Code     0  __rtentry2.o(.ARM.Collect$$rtentry$$0000000D)
    __rt_entry_postli_1                      0x08000173   Thumb Code     0  __rtentry2.o(.ARM.Collect$$rtentry$$0000000C)
    __rt_exit                                0x0800017b   Thumb Code     0  rtexit.o(.ARM.Collect$$rtexit$$00000000)
    __rt_exit_ls                             0x0800017d   Thumb Code     0  rtexit2.o(.ARM.Collect$$rtexit$$00000003)
    __rt_exit_prels_1                        0x0800017d   Thumb Code     0  rtexit2.o(.ARM.Collect$$rtexit$$00000002)
    __rt_exit_exit                           0x08000181   Thumb Code     0  rtexit2.o(.ARM.Collect$$rtexit$$00000004)
    WFI_SET                                  0x08000189   Thumb Code     2  sys.o(.emb_text)
    INTX_DISABLE                             0x0800018b   Thumb Code     2  sys.o(.emb_text)
    INTX_ENABLE                              0x0800018d   Thumb Code     2  sys.o(.emb_text)
    MSR_MSP                                  0x0800018f   Thumb Code     6  sys.o(.emb_text)
    Reset_Handler                            0x08000195   Thumb Code     4  startup_stm32f10x_md.o(.text)
    NMI_Handler                              0x08000199   Thumb Code     2  startup_stm32f10x_md.o(.text)
    HardFault_Handler                        0x0800019b   Thumb Code     2  startup_stm32f10x_md.o(.text)
    MemManage_Handler                        0x0800019d   Thumb Code     2  startup_stm32f10x_md.o(.text)
    BusFault_Handler                         0x0800019f   Thumb Code     2  startup_stm32f10x_md.o(.text)
    UsageFault_Handler                       0x080001a1   Thumb Code     2  startup_stm32f10x_md.o(.text)
    SVC_Handler                              0x080001a3   Thumb Code     2  startup_stm32f10x_md.o(.text)
    DebugMon_Handler                         0x080001a5   Thumb Code     2  startup_stm32f10x_md.o(.text)
    PendSV_Handler                           0x080001a7   Thumb Code     2  startup_stm32f10x_md.o(.text)
    SysTick_Handler                          0x080001a9   Thumb Code     2  startup_stm32f10x_md.o(.text)
    ADC1_2_IRQHandler                        0x080001ab   Thumb Code     0  startup_stm32f10x_md.o(.text)
    CAN1_RX1_IRQHandler                      0x080001ab   Thumb Code     0  startup_stm32f10x_md.o(.text)
    CAN1_SCE_IRQHandler                      0x080001ab   Thumb Code     0  startup_stm32f10x_md.o(.text)
    DMA1_Channel1_IRQHandler                 0x080001ab   Thumb Code     0  startup_stm32f10x_md.o(.text)
    DMA1_Channel2_IRQHandler                 0x080001ab   Thumb Code     0  startup_stm32f10x_md.o(.text)
    DMA1_Channel3_IRQHandler                 0x080001ab   Thumb Code     0  startup_stm32f10x_md.o(.text)
    DMA1_Channel4_IRQHandler                 0x080001ab   Thumb Code     0  startup_stm32f10x_md.o(.text)
    DMA1_Channel5_IRQHandler                 0x080001ab   Thumb Code     0  startup_stm32f10x_md.o(.text)
    DMA1_Channel6_IRQHandler                 0x080001ab   Thumb Code     0  startup_stm32f10x_md.o(.text)
    DMA1_Channel7_IRQHandler                 0x080001ab   Thumb Code     0  startup_stm32f10x_md.o(.text)
    EXTI0_IRQHandler                         0x080001ab   Thumb Code     0  startup_stm32f10x_md.o(.text)
    EXTI15_10_IRQHandler                     0x080001ab   Thumb Code     0  startup_stm32f10x_md.o(.text)
    EXTI1_IRQHandler                         0x080001ab   Thumb Code     0  startup_stm32f10x_md.o(.text)
    EXTI2_IRQHandler                         0x080001ab   Thumb Code     0  startup_stm32f10x_md.o(.text)
    EXTI3_IRQHandler                         0x080001ab   Thumb Code     0  startup_stm32f10x_md.o(.text)
    EXTI4_IRQHandler                         0x080001ab   Thumb Code     0  startup_stm32f10x_md.o(.text)
    EXTI9_5_IRQHandler                       0x080001ab   Thumb Code     0  startup_stm32f10x_md.o(.text)
    FLASH_IRQHandler                         0x080001ab   Thumb Code     0  startup_stm32f10x_md.o(.text)
    I2C1_ER_IRQHandler                       0x080001ab   Thumb Code     0  startup_stm32f10x_md.o(.text)
    I2C1_EV_IRQHandler                       0x080001ab   Thumb Code     0  startup_stm32f10x_md.o(.text)
    I2C2_ER_IRQHandler                       0x080001ab   Thumb Code     0  startup_stm32f10x_md.o(.text)
    I2C2_EV_IRQHandler                       0x080001ab   Thumb Code     0  startup_stm32f10x_md.o(.text)
    PVD_IRQHandler                           0x080001ab   Thumb Code     0  startup_stm32f10x_md.o(.text)
    RCC_IRQHandler                           0x080001ab   Thumb Code     0  startup_stm32f10x_md.o(.text)
    RTCAlarm_IRQHandler                      0x080001ab   Thumb Code     0  startup_stm32f10x_md.o(.text)
    RTC_IRQHandler                           0x080001ab   Thumb Code     0  startup_stm32f10x_md.o(.text)
    SPI1_IRQHandler                          0x080001ab   Thumb Code     0  startup_stm32f10x_md.o(.text)
    SPI2_IRQHandler                          0x080001ab   Thumb Code     0  startup_stm32f10x_md.o(.text)
    TAMPER_IRQHandler                        0x080001ab   Thumb Code     0  startup_stm32f10x_md.o(.text)
    TIM1_BRK_IRQHandler                      0x080001ab   Thumb Code     0  startup_stm32f10x_md.o(.text)
    TIM1_CC_IRQHandler                       0x080001ab   Thumb Code     0  startup_stm32f10x_md.o(.text)
    TIM1_TRG_COM_IRQHandler                  0x080001ab   Thumb Code     0  startup_stm32f10x_md.o(.text)
    TIM1_UP_IRQHandler                       0x080001ab   Thumb Code     0  startup_stm32f10x_md.o(.text)
    USBWakeUp_IRQHandler                     0x080001ab   Thumb Code     0  startup_stm32f10x_md.o(.text)
    USB_HP_CAN1_TX_IRQHandler                0x080001ab   Thumb Code     0  startup_stm32f10x_md.o(.text)
    USB_LP_CAN1_RX0_IRQHandler               0x080001ab   Thumb Code     0  startup_stm32f10x_md.o(.text)
    WWDG_IRQHandler                          0x080001ab   Thumb Code     0  startup_stm32f10x_md.o(.text)
    __user_initial_stackheap                 0x080001ad   Thumb Code     0  startup_stm32f10x_md.o(.text)
    Adc_Init                                 0x080001cd   Thumb Code   332  adc.o(.text)
    Get_Adc                                  0x08000319   Thumb Code    68  adc.o(.text)
    Get_battery_voltage                      0x0800035d   Thumb Code    90  adc.o(.text)
    KEY_Init                                 0x080003e1   Thumb Code    86  key.o(.text)
    click_N_Double                           0x08000437   Thumb Code   172  key.o(.text)
    click_M                                  0x080004e3   Thumb Code   112  key.o(.text)
    LED_Init                                 0x08000581   Thumb Code    52  led.o(.text)
    Led_Flash                                0x080005b5   Thumb Code    78  led.o(.text)
    Motor_Init                               0x0800061d   Thumb Code    54  motor.o(.text)
    Motor_PWM_Init                           0x08000653   Thumb Code   188  motor.o(.text)
    Steering_engine_PWM_Init                 0x0800070f   Thumb Code     2  motor.o(.text)
    OLED_WR_Byte                             0x08000721   Thumb Code    78  oled.o(.text)
    OLED_Refresh_Gram                        0x0800076f   Thumb Code    70  oled.o(.text)
    OLED_DrawPoint                           0x080007b5   Thumb Code   100  oled.o(.text)
    OLED_ShowChar                            0x08000819   Thumb Code   158  oled.o(.text)
    oled_pow                                 0x080008b7   Thumb Code    22  oled.o(.text)
    OLED_ShowNumber                          0x080008cd   Thumb Code   148  oled.o(.text)
    OLED_Clear                               0x08000961   Thumb Code    42  oled.o(.text)
    OLED_ShowString                          0x0800098b   Thumb Code    68  oled.o(.text)
    oled_show                                0x080009cf   Thumb Code  1098  oled.o(.text)
    OLED_Display_On                          0x08000e19   Thumb Code    28  oled.o(.text)
    OLED_Display_Off                         0x08000e35   Thumb Code    28  oled.o(.text)
    OLED_Init                                0x08000e51   Thumb Code   438  oled.o(.text)
    Encoder_Init_TIM2                        0x08001009   Thumb Code   176  encoder.o(.text)
    Encoder_Init_TIM4                        0x080010b9   Thumb Code   208  encoder.o(.text)
    Encoder_Read                             0x08001189   Thumb Code    56  encoder.o(.text)
    TIM2_IRQHandler                          0x080011c1   Thumb Code    24  encoder.o(.text)
    TIM4_IRQHandler                          0x080011d9   Thumb Code    24  encoder.o(.text)
    Dma_Init                                 0x08001201   Thumb Code   144  dma.o(.text)
    Dma_Enable                               0x08001291   Thumb Code    12  dma.o(.text)
    Dma_Disenable                            0x0800129d   Thumb Code    10  dma.o(.text)
    delay_init                               0x080012ad   Thumb Code    56  delay.o(.text)
    delay_us                                 0x080012e5   Thumb Code    56  delay.o(.text)
    delay_ms                                 0x0800131d   Thumb Code    56  delay.o(.text)
    MY_NVIC_SetVectorTable                   0x0800135d   Thumb Code    12  sys.o(.text)
    MY_NVIC_PriorityGroupConfig              0x08001369   Thumb Code    36  sys.o(.text)
    MY_NVIC_Init                             0x0800138d   Thumb Code   116  sys.o(.text)
    Ex_NVIC_Config                           0x08001401   Thumb Code   146  sys.o(.text)
    MYRCC_DeInit                             0x08001493   Thumb Code    90  sys.o(.text)
    Sys_Standby                              0x080014ed   Thumb Code    68  sys.o(.text)
    Sys_Soft_Reset                           0x08001531   Thumb Code    12  sys.o(.text)
    JTAG_Set                                 0x0800153d   Thumb Code    42  sys.o(.text)
    Stm32_Clock_Init                         0x08001567   Thumb Code   134  sys.o(.text)
    _sys_exit                                0x08001619   Thumb Code     8  usart.o(.text)
    fputc                                    0x08001621   Thumb Code    24  usart.o(.text)
    usart1_send                              0x08001639   Thumb Code    22  usart.o(.text)
    usart1_init                              0x0800164f   Thumb Code   230  usart.o(.text)
    USART1_IRQHandler                        0x08001735   Thumb Code   286  usart.o(.text)
    usart3_niming_report                     0x08001853   Thumb Code    88  usart.o(.text)
    Send_data                                0x080018ab   Thumb Code   330  usart.o(.text)
    b2f                                      0x080019f5   Thumb Code   480  usart.o(.text)
    usart2_send                              0x08001bd5   Thumb Code    22  usart.o(.text)
    usart2_init                              0x08001beb   Thumb Code   214  usart.o(.text)
    LANYAO_APP                               0x08001cc1   Thumb Code   200  usart.o(.text)
    USART2_IRQHandler                        0x08001d89   Thumb Code   380  usart.o(.text)
    usart3_init                              0x08001f05   Thumb Code   238  usart.o(.text)
    USART3_IRQHandler                        0x08001ff3   Thumb Code    32  usart.o(.text)
    TIM3_Init                                0x08002041   Thumb Code    82  main.o(.text)
    main                                     0x08002093   Thumb Code   200  main.o(.text)
    Get_Adc_average                          0x0800215b   Thumb Code    44  main.o(.text)
    Key                                      0x08002187   Thumb Code   140  main.o(.text)
    Set_Pwm                                  0x08002213   Thumb Code    50  main.o(.text)
    A_velocity_Control                       0x08002245   Thumb Code   166  main.o(.text)
    Position_Control                         0x080022eb   Thumb Code   206  main.o(.text)
    TIM3_IRQHandler                          0x080023b9   Thumb Code  1162  main.o(.text)
    __use_no_semihosting                     0x080028b5   Thumb Code     2  use_no_semi_2.o(.text)
    __aeabi_memclr4                          0x080028b7   Thumb Code     0  rt_memclr_w.o(.text)
    __aeabi_memclr8                          0x080028b7   Thumb Code     0  rt_memclr_w.o(.text)
    __rt_memclr_w                            0x080028b7   Thumb Code    78  rt_memclr_w.o(.text)
    _memset_w                                0x080028bb   Thumb Code     0  rt_memclr_w.o(.text)
    __use_two_region_memory                  0x08002905   Thumb Code     2  heapauxi.o(.text)
    __rt_heap_escrow$2region                 0x08002907   Thumb Code     2  heapauxi.o(.text)
    __rt_heap_expand$2region                 0x08002909   Thumb Code     2  heapauxi.o(.text)
    __I$use$semihosting                      0x0800290b   Thumb Code     0  use_no_semi.o(.text)
    __use_no_semihosting_swi                 0x0800290b   Thumb Code     2  use_no_semi.o(.text)
    __read_errno                             0x0800290d   Thumb Code    10  _rserrno.o(.text)
    __set_errno                              0x08002917   Thumb Code    12  _rserrno.o(.text)
    __aeabi_errno_addr                       0x08002925   Thumb Code     8  rt_errno_addr_intlibspace.o(.text)
    __errno$intlibspace                      0x08002925   Thumb Code     0  rt_errno_addr_intlibspace.o(.text)
    __rt_errno_addr$intlibspace              0x08002925   Thumb Code     0  rt_errno_addr_intlibspace.o(.text)
    __user_libspace                          0x0800292d   Thumb Code     8  libspace.o(.text)
    __user_perproc_libspace                  0x0800292d   Thumb Code     0  libspace.o(.text)
    __user_perthread_libspace                0x0800292d   Thumb Code     0  libspace.o(.text)
    __user_setup_stackheap                   0x08002935   Thumb Code    74  sys_stackheap_outer.o(.text)
    exit                                     0x0800297f   Thumb Code    18  exit.o(.text)
    __ARM_fpclassify                         0x08002991   Thumb Code    40  fpclassify.o(i.__ARM_fpclassify)
    __kernel_poly                            0x080029b9   Thumb Code   170  poly.o(i.__kernel_poly)
    __mathlib_dbl_divzero                    0x08002a65   Thumb Code    12  dunder.o(i.__mathlib_dbl_divzero)
    __mathlib_dbl_infnan2                    0x08002a75   Thumb Code     4  dunder.o(i.__mathlib_dbl_infnan2)
    __mathlib_dbl_invalid                    0x08002a79   Thumb Code    12  dunder.o(i.__mathlib_dbl_invalid)
    __mathlib_dbl_overflow                   0x08002a85   Thumb Code    14  dunder.o(i.__mathlib_dbl_overflow)
    __mathlib_dbl_underflow                  0x08002a95   Thumb Code    10  dunder.o(i.__mathlib_dbl_underflow)
    pow                                      0x08002aa5   Thumb Code  2512  pow.o(i.pow)
    sqrt                                     0x0800347d   Thumb Code    76  sqrt.o(i.sqrt)
    __aeabi_d2f                              0x080034c9   Thumb Code     0  d2f.o(x$fpl$d2f)
    _d2f                                     0x080034c9   Thumb Code    98  d2f.o(x$fpl$d2f)
    __aeabi_dadd                             0x0800352d   Thumb Code     0  daddsub_clz.o(x$fpl$dadd)
    _dadd                                    0x0800352d   Thumb Code   332  daddsub_clz.o(x$fpl$dadd)
    __fpl_dcheck_NaN1                        0x0800367d   Thumb Code    10  dcheck1.o(x$fpl$dcheck1)
    __fpl_dcmp_Inf                           0x0800368d   Thumb Code    24  dcmpi.o(x$fpl$dcmpinf)
    __aeabi_ddiv                             0x080036a5   Thumb Code     0  ddiv.o(x$fpl$ddiv)
    _ddiv                                    0x080036a5   Thumb Code   552  ddiv.o(x$fpl$ddiv)
    __aeabi_d2iz                             0x08003955   Thumb Code     0  dfix.o(x$fpl$dfix)
    _dfix                                    0x08003955   Thumb Code    94  dfix.o(x$fpl$dfix)
    __aeabi_d2uiz                            0x080039b5   Thumb Code     0  dfixu.o(x$fpl$dfixu)
    _dfixu                                   0x080039b5   Thumb Code    90  dfixu.o(x$fpl$dfixu)
    __aeabi_i2d                              0x08003a0f   Thumb Code     0  dflt_clz.o(x$fpl$dflt)
    _dflt                                    0x08003a0f   Thumb Code    46  dflt_clz.o(x$fpl$dflt)
    __aeabi_ui2d                             0x08003a3d   Thumb Code     0  dflt_clz.o(x$fpl$dfltu)
    _dfltu                                   0x08003a3d   Thumb Code    38  dflt_clz.o(x$fpl$dfltu)
    __aeabi_cdcmple                          0x08003a65   Thumb Code     0  dleqf.o(x$fpl$dleqf)
    _dcmple                                  0x08003a65   Thumb Code   120  dleqf.o(x$fpl$dleqf)
    __fpl_dcmple_InfNaN                      0x08003ac7   Thumb Code     0  dleqf.o(x$fpl$dleqf)
    __aeabi_dmul                             0x08003add   Thumb Code     0  dmul.o(x$fpl$dmul)
    _dmul                                    0x08003add   Thumb Code   332  dmul.o(x$fpl$dmul)
    __fpl_dnaninf                            0x08003c31   Thumb Code   156  dnaninf.o(x$fpl$dnaninf)
    __fpl_dretinf                            0x08003ccd   Thumb Code    12  dretinf.o(x$fpl$dretinf)
    __aeabi_cdrcmple                         0x08003cd9   Thumb Code     0  drleqf.o(x$fpl$drleqf)
    _drcmple                                 0x08003cd9   Thumb Code   108  drleqf.o(x$fpl$drleqf)
    __aeabi_drsub                            0x08003d45   Thumb Code     0  daddsub_clz.o(x$fpl$drsb)
    _drsb                                    0x08003d45   Thumb Code    22  daddsub_clz.o(x$fpl$drsb)
    _dsqrt                                   0x08003d5d   Thumb Code   456  dsqrt_noumaal.o(x$fpl$dsqrt)
    __aeabi_dsub                             0x08003f29   Thumb Code     0  daddsub_clz.o(x$fpl$dsub)
    _dsub                                    0x08003f29   Thumb Code   464  daddsub_clz.o(x$fpl$dsub)
    __aeabi_f2d                              0x080040fd   Thumb Code     0  f2d.o(x$fpl$f2d)
    _f2d                                     0x080040fd   Thumb Code    86  f2d.o(x$fpl$f2d)
    __aeabi_fadd                             0x08004155   Thumb Code     0  faddsub_clz.o(x$fpl$fadd)
    _fadd                                    0x08004155   Thumb Code   196  faddsub_clz.o(x$fpl$fadd)
    __fpl_fcmp_Inf                           0x08004219   Thumb Code    24  fcmpi.o(x$fpl$fcmpinf)
    __aeabi_fdiv                             0x08004231   Thumb Code     0  fdiv.o(x$fpl$fdiv)
    _fdiv                                    0x08004231   Thumb Code   384  fdiv.o(x$fpl$fdiv)
    __aeabi_f2iz                             0x080043b5   Thumb Code     0  ffix.o(x$fpl$ffix)
    _ffix                                    0x080043b5   Thumb Code    54  ffix.o(x$fpl$ffix)
    __aeabi_f2uiz                            0x080043ed   Thumb Code     0  ffixu.o(x$fpl$ffixu)
    _ffixu                                   0x080043ed   Thumb Code    62  ffixu.o(x$fpl$ffixu)
    __aeabi_i2f                              0x0800442d   Thumb Code     0  fflt_clz.o(x$fpl$fflt)
    _fflt                                    0x0800442d   Thumb Code    48  fflt_clz.o(x$fpl$fflt)
    __aeabi_ui2f                             0x0800445d   Thumb Code     0  fflt_clz.o(x$fpl$ffltu)
    _ffltu                                   0x0800445d   Thumb Code    38  fflt_clz.o(x$fpl$ffltu)
    __aeabi_cfcmple                          0x08004485   Thumb Code     0  fleqf.o(x$fpl$fleqf)
    _fcmple                                  0x08004485   Thumb Code   104  fleqf.o(x$fpl$fleqf)
    __fpl_fcmple_InfNaN                      0x080044d7   Thumb Code     0  fleqf.o(x$fpl$fleqf)
    __aeabi_fmul                             0x080044ed   Thumb Code     0  fmul.o(x$fpl$fmul)
    _fmul                                    0x080044ed   Thumb Code   258  fmul.o(x$fpl$fmul)
    __fpl_fnaninf                            0x080045ef   Thumb Code   140  fnaninf.o(x$fpl$fnaninf)
    __fpl_fretinf                            0x0800467b   Thumb Code    10  fretinf.o(x$fpl$fretinf)
    __aeabi_cfrcmple                         0x08004685   Thumb Code     0  frleqf.o(x$fpl$frleqf)
    _frcmple                                 0x08004685   Thumb Code    98  frleqf.o(x$fpl$frleqf)
    __aeabi_frsub                            0x080046e7   Thumb Code     0  faddsub_clz.o(x$fpl$frsb)
    _frsb                                    0x080046e7   Thumb Code    20  faddsub_clz.o(x$fpl$frsb)
    __aeabi_fsub                             0x080046fd   Thumb Code     0  faddsub_clz.o(x$fpl$fsub)
    _fsub                                    0x080046fd   Thumb Code   234  faddsub_clz.o(x$fpl$fsub)
    __fpl_return_NaN                         0x080047e7   Thumb Code   100  retnan.o(x$fpl$retnan)
    __ARM_scalbn                             0x0800484b   Thumb Code    92  scalbn.o(x$fpl$scalbn)
    __fpl_cmpreturn                          0x080048a7   Thumb Code    48  trapv.o(x$fpl$trapveneer)
    __I$use$fp                               0x080048d6   Number         0  usenofp.o(x$fpl$usenofp)
    oled_asc2_1206                           0x080048d6   Data        1140  oled.o(.constdata)
    oled_asc2_1608                           0x08004d4a   Data        1520  oled.o(.constdata)
    __mathlib_zero                           0x080053c8   Data           8  qnan.o(.constdata)
    Region$$Table$$Base                      0x080053d0   Number         0  anon$$obj.o(Region$$Table)
    Region$$Table$$Limit                     0x080053f0   Number         0  anon$$obj.o(Region$$Table)
    __stdout                                 0x20000020   Data           4  usart.o(.data)
    sum                                      0x20000024   Data           1  usart.o(.data)
    i_u                                      0x20000025   Data           1  usart.o(.data)
    FLAG_USART                               0x20000026   Data           1  usart.o(.data)
    break_count                              0x20000028   Data           4  usart.o(.data)
    Usart2_Receive                           0x2000002c   Data           4  usart.o(.data)
    flag_mode_app                            0x20000030   Data           1  usart.o(.data)
    anjian_app                               0x20000034   Data           4  usart.o(.data)
    huakuai_app                              0x20000038   Data           4  usart.o(.data)
    yaogan_app                               0x2000003c   Data           4  usart.o(.data)
    show_flag                                0x20000044   Data           1  main.o(.data)
    delay_flag                               0x20000045   Data           1  main.o(.data)
    delay_30                                 0x20000046   Data           1  main.o(.data)
    Start_Flag                               0x20000047   Data           1  main.o(.data)
    MODE_Flag                                0x20000048   Data           1  main.o(.data)
    Count_A                                  0x2000004a   Data           2  main.o(.data)
    Voltage                                  0x2000004c   Data           4  main.o(.data)
    count_sum                                0x20000050   Data           4  main.o(.data)
    count_size                               0x20000054   Data           4  main.o(.data)
    Encoder_A                                0x20000058   Data           4  main.o(.data)
    Encoder_B                                0x2000005c   Data           4  main.o(.data)
    Motor_A                                  0x20000060   Data           4  main.o(.data)
    Velocity_KP                              0x20000064   Data           4  main.o(.data)
    Velocity_KI                              0x20000068   Data           4  main.o(.data)
    Position_KP                              0x2000006c   Data           4  main.o(.data)
    Position_KI                              0x20000070   Data           4  main.o(.data)
    Position_KD                              0x20000074   Data           4  main.o(.data)
    Position_A                               0x20000078   Data           4  main.o(.data)
    Position_B                               0x2000007c   Data           4  main.o(.data)
    Position_target                          0x20000080   Data           4  main.o(.data)
    Velocity_target                          0x20000084   Data           4  main.o(.data)
    Direc                                    0x20000088   Data           4  main.o(.data)
    OLED_GRAM                                0x200000b4   Data        1024  oled.o(.bss)
    data1_top                                0x200004b4   Data          55  usart.o(.bss)
    send_buf                                 0x200004eb   Data          54  usart.o(.bss)
    data_app                                 0x20000524   Data          40  usart.o(.bss)
    data_U3                                  0x2000054c   Data          20  usart.o(.bss)
    __libspace_start                         0x20000588   Data          96  libspace.o(.bss)
    __temporary_stack_top$libspace           0x200005e8   Data           0  libspace.o(.bss)



==============================================================================

Memory Map of the image

  Image Entry point : 0x080000ed

  Load Region LR_IROM1 (Base: 0x08000000, Size: 0x000054a4, Max: 0x00010000, ABSOLUTE)

    Execution Region ER_IROM1 (Exec base: 0x08000000, Load base: 0x08000000, Size: 0x000053f0, Max: 0x00010000, ABSOLUTE)

    Exec Addr    Load Addr    Size         Type   Attr      Idx    E Section Name        Object

    0x08000000   0x08000000   0x000000ec   Data   RO            3    RESET               startup_stm32f10x_md.o
    0x080000ec   0x080000ec   0x00000008   Code   RO          261  * !!!main             c_w.l(__main.o)
    0x080000f4   0x080000f4   0x00000034   Code   RO          547    !!!scatter          c_w.l(__scatter.o)
    0x08000128   0x08000128   0x0000001a   Code   RO          549    !!handler_copy      c_w.l(__scatter_copy.o)
    0x08000142   0x08000142   0x00000002   PAD
    0x08000144   0x08000144   0x0000001c   Code   RO          551    !!handler_zi        c_w.l(__scatter_zi.o)
    0x08000160   0x08000160   0x00000002   Code   RO          420    .ARM.Collect$$libinit$$00000000  c_w.l(libinit.o)
    0x08000162   0x08000162   0x00000000   Code   RO          426    .ARM.Collect$$libinit$$00000002  c_w.l(libinit2.o)
    0x08000162   0x08000162   0x00000000   Code   RO          428    .ARM.Collect$$libinit$$00000004  c_w.l(libinit2.o)
    0x08000162   0x08000162   0x00000000   Code   RO          431    .ARM.Collect$$libinit$$0000000A  c_w.l(libinit2.o)
    0x08000162   0x08000162   0x00000000   Code   RO          433    .ARM.Collect$$libinit$$0000000C  c_w.l(libinit2.o)
    0x08000162   0x08000162   0x00000000   Code   RO          435    .ARM.Collect$$libinit$$0000000E  c_w.l(libinit2.o)
    0x08000162   0x08000162   0x00000000   Code   RO          438    .ARM.Collect$$libinit$$00000011  c_w.l(libinit2.o)
    0x08000162   0x08000162   0x00000000   Code   RO          440    .ARM.Collect$$libinit$$00000013  c_w.l(libinit2.o)
    0x08000162   0x08000162   0x00000000   Code   RO          442    .ARM.Collect$$libinit$$00000015  c_w.l(libinit2.o)
    0x08000162   0x08000162   0x00000000   Code   RO          444    .ARM.Collect$$libinit$$00000017  c_w.l(libinit2.o)
    0x08000162   0x08000162   0x00000000   Code   RO          446    .ARM.Collect$$libinit$$00000019  c_w.l(libinit2.o)
    0x08000162   0x08000162   0x00000000   Code   RO          448    .ARM.Collect$$libinit$$0000001B  c_w.l(libinit2.o)
    0x08000162   0x08000162   0x00000000   Code   RO          450    .ARM.Collect$$libinit$$0000001D  c_w.l(libinit2.o)
    0x08000162   0x08000162   0x00000000   Code   RO          452    .ARM.Collect$$libinit$$0000001F  c_w.l(libinit2.o)
    0x08000162   0x08000162   0x00000000   Code   RO          454    .ARM.Collect$$libinit$$00000021  c_w.l(libinit2.o)
    0x08000162   0x08000162   0x00000000   Code   RO          456    .ARM.Collect$$libinit$$00000023  c_w.l(libinit2.o)
    0x08000162   0x08000162   0x00000000   Code   RO          458    .ARM.Collect$$libinit$$00000025  c_w.l(libinit2.o)
    0x08000162   0x08000162   0x00000000   Code   RO          462    .ARM.Collect$$libinit$$0000002C  c_w.l(libinit2.o)
    0x08000162   0x08000162   0x00000000   Code   RO          464    .ARM.Collect$$libinit$$0000002E  c_w.l(libinit2.o)
    0x08000162   0x08000162   0x00000000   Code   RO          466    .ARM.Collect$$libinit$$00000030  c_w.l(libinit2.o)
    0x08000162   0x08000162   0x00000000   Code   RO          468    .ARM.Collect$$libinit$$00000032  c_w.l(libinit2.o)
    0x08000162   0x08000162   0x00000002   Code   RO          469    .ARM.Collect$$libinit$$00000033  c_w.l(libinit2.o)
    0x08000164   0x08000164   0x00000002   Code   RO          489    .ARM.Collect$$libshutdown$$00000000  c_w.l(libshutdown.o)
    0x08000166   0x08000166   0x00000000   Code   RO          499    .ARM.Collect$$libshutdown$$00000002  c_w.l(libshutdown2.o)
    0x08000166   0x08000166   0x00000000   Code   RO          501    .ARM.Collect$$libshutdown$$00000004  c_w.l(libshutdown2.o)
    0x08000166   0x08000166   0x00000000   Code   RO          504    .ARM.Collect$$libshutdown$$00000007  c_w.l(libshutdown2.o)
    0x08000166   0x08000166   0x00000000   Code   RO          507    .ARM.Collect$$libshutdown$$0000000A  c_w.l(libshutdown2.o)
    0x08000166   0x08000166   0x00000000   Code   RO          509    .ARM.Collect$$libshutdown$$0000000C  c_w.l(libshutdown2.o)
    0x08000166   0x08000166   0x00000000   Code   RO          512    .ARM.Collect$$libshutdown$$0000000F  c_w.l(libshutdown2.o)
    0x08000166   0x08000166   0x00000002   Code   RO          513    .ARM.Collect$$libshutdown$$00000010  c_w.l(libshutdown2.o)
    0x08000168   0x08000168   0x00000000   Code   RO          337    .ARM.Collect$$rtentry$$00000000  c_w.l(__rtentry.o)
    0x08000168   0x08000168   0x00000000   Code   RO          383    .ARM.Collect$$rtentry$$00000002  c_w.l(__rtentry2.o)
    0x08000168   0x08000168   0x00000006   Code   RO          395    .ARM.Collect$$rtentry$$00000004  c_w.l(__rtentry4.o)
    0x0800016e   0x0800016e   0x00000000   Code   RO          385    .ARM.Collect$$rtentry$$00000009  c_w.l(__rtentry2.o)
    0x0800016e   0x0800016e   0x00000004   Code   RO          386    .ARM.Collect$$rtentry$$0000000A  c_w.l(__rtentry2.o)
    0x08000172   0x08000172   0x00000000   Code   RO          388    .ARM.Collect$$rtentry$$0000000C  c_w.l(__rtentry2.o)
    0x08000172   0x08000172   0x00000008   Code   RO          389    .ARM.Collect$$rtentry$$0000000D  c_w.l(__rtentry2.o)
    0x0800017a   0x0800017a   0x00000002   Code   RO          423    .ARM.Collect$$rtexit$$00000000  c_w.l(rtexit.o)
    0x0800017c   0x0800017c   0x00000000   Code   RO          473    .ARM.Collect$$rtexit$$00000002  c_w.l(rtexit2.o)
    0x0800017c   0x0800017c   0x00000004   Code   RO          474    .ARM.Collect$$rtexit$$00000003  c_w.l(rtexit2.o)
    0x08000180   0x08000180   0x00000006   Code   RO          475    .ARM.Collect$$rtexit$$00000004  c_w.l(rtexit2.o)
    0x08000186   0x08000186   0x00000002   PAD
    0x08000188   0x08000188   0x0000000c   Code   RO          194    .emb_text           sys.o
    0x08000194   0x08000194   0x00000038   Code   RO            4    .text               startup_stm32f10x_md.o
    0x080001cc   0x080001cc   0x00000214   Code   RO           10    .text               adc.o
    0x080003e0   0x080003e0   0x000001a0   Code   RO           98    .text               key.o
    0x08000580   0x08000580   0x0000009c   Code   RO          111    .text               led.o
    0x0800061c   0x0800061c   0x00000104   Code   RO          124    .text               motor.o
    0x08000720   0x08000720   0x000008e6   Code   RO          136    .text               oled.o
    0x08001006   0x08001006   0x00000002   PAD
    0x08001008   0x08001008   0x000001f8   Code   RO          156    .text               encoder.o
    0x08001200   0x08001200   0x000000ac   Code   RO          168    .text               dma.o
    0x080012ac   0x080012ac   0x000000b0   Code   RO          180    .text               delay.o
    0x0800135c   0x0800135c   0x000002bc   Code   RO          195    .text               sys.o
    0x08001618   0x08001618   0x00000a28   Code   RO          210    .text               usart.o
    0x08002040   0x08002040   0x00000874   Code   RO          234    .text               main.o
    0x080028b4   0x080028b4   0x00000002   Code   RO          255    .text               c_w.l(use_no_semi_2.o)
    0x080028b6   0x080028b6   0x0000004e   Code   RO          257    .text               c_w.l(rt_memclr_w.o)
    0x08002904   0x08002904   0x00000006   Code   RO          259    .text               c_w.l(heapauxi.o)
    0x0800290a   0x0800290a   0x00000002   Code   RO          335    .text               c_w.l(use_no_semi.o)
    0x0800290c   0x0800290c   0x00000016   Code   RO          338    .text               c_w.l(_rserrno.o)
    0x08002922   0x08002922   0x00000002   PAD
    0x08002924   0x08002924   0x00000008   Code   RO          400    .text               c_w.l(rt_errno_addr_intlibspace.o)
    0x0800292c   0x0800292c   0x00000008   Code   RO          408    .text               c_w.l(libspace.o)
    0x08002934   0x08002934   0x0000004a   Code   RO          411    .text               c_w.l(sys_stackheap_outer.o)
    0x0800297e   0x0800297e   0x00000012   Code   RO          413    .text               c_w.l(exit.o)
    0x08002990   0x08002990   0x00000028   Code   RO          369    i.__ARM_fpclassify  m_ws.l(fpclassify.o)
    0x080029b8   0x080029b8   0x000000aa   Code   RO          371    i.__kernel_poly     m_ws.l(poly.o)
    0x08002a62   0x08002a62   0x00000002   PAD
    0x08002a64   0x08002a64   0x00000010   Code   RO          355    i.__mathlib_dbl_divzero  m_ws.l(dunder.o)
    0x08002a74   0x08002a74   0x00000004   Code   RO          357    i.__mathlib_dbl_infnan2  m_ws.l(dunder.o)
    0x08002a78   0x08002a78   0x0000000c   Code   RO          358    i.__mathlib_dbl_invalid  m_ws.l(dunder.o)
    0x08002a84   0x08002a84   0x0000000e   Code   RO          359    i.__mathlib_dbl_overflow  m_ws.l(dunder.o)
    0x08002a92   0x08002a92   0x00000002   PAD
    0x08002a94   0x08002a94   0x00000010   Code   RO          361    i.__mathlib_dbl_underflow  m_ws.l(dunder.o)
    0x08002aa4   0x08002aa4   0x000009d8   Code   RO          326    i.pow               m_ws.l(pow.o)
    0x0800347c   0x0800347c   0x0000004c   Code   RO          375    i.sqrt              m_ws.l(sqrt.o)
    0x080034c8   0x080034c8   0x00000062   Code   RO          263    x$fpl$d2f           fz_ws.l(d2f.o)
    0x0800352a   0x0800352a   0x00000002   PAD
    0x0800352c   0x0800352c   0x00000150   Code   RO          265    x$fpl$dadd          fz_ws.l(daddsub_clz.o)
    0x0800367c   0x0800367c   0x00000010   Code   RO          402    x$fpl$dcheck1       fz_ws.l(dcheck1.o)
    0x0800368c   0x0800368c   0x00000018   Code   RO          404    x$fpl$dcmpinf       fz_ws.l(dcmpi.o)
    0x080036a4   0x080036a4   0x000002b0   Code   RO          272    x$fpl$ddiv          fz_ws.l(ddiv.o)
    0x08003954   0x08003954   0x0000005e   Code   RO          275    x$fpl$dfix          fz_ws.l(dfix.o)
    0x080039b2   0x080039b2   0x00000002   PAD
    0x080039b4   0x080039b4   0x0000005a   Code   RO          279    x$fpl$dfixu         fz_ws.l(dfixu.o)
    0x08003a0e   0x08003a0e   0x0000002e   Code   RO          284    x$fpl$dflt          fz_ws.l(dflt_clz.o)
    0x08003a3c   0x08003a3c   0x00000026   Code   RO          283    x$fpl$dfltu         fz_ws.l(dflt_clz.o)
    0x08003a62   0x08003a62   0x00000002   PAD
    0x08003a64   0x08003a64   0x00000078   Code   RO          340    x$fpl$dleqf         fz_ws.l(dleqf.o)
    0x08003adc   0x08003adc   0x00000154   Code   RO          289    x$fpl$dmul          fz_ws.l(dmul.o)
    0x08003c30   0x08003c30   0x0000009c   Code   RO          342    x$fpl$dnaninf       fz_ws.l(dnaninf.o)
    0x08003ccc   0x08003ccc   0x0000000c   Code   RO          344    x$fpl$dretinf       fz_ws.l(dretinf.o)
    0x08003cd8   0x08003cd8   0x0000006c   Code   RO          291    x$fpl$drleqf        fz_ws.l(drleqf.o)
    0x08003d44   0x08003d44   0x00000016   Code   RO          266    x$fpl$drsb          fz_ws.l(daddsub_clz.o)
    0x08003d5a   0x08003d5a   0x00000002   PAD
    0x08003d5c   0x08003d5c   0x000001cc   Code   RO          406    x$fpl$dsqrt         fz_ws.l(dsqrt_noumaal.o)
    0x08003f28   0x08003f28   0x000001d4   Code   RO          267    x$fpl$dsub          fz_ws.l(daddsub_clz.o)
    0x080040fc   0x080040fc   0x00000056   Code   RO          293    x$fpl$f2d           fz_ws.l(f2d.o)
    0x08004152   0x08004152   0x00000002   PAD
    0x08004154   0x08004154   0x000000c4   Code   RO          295    x$fpl$fadd          fz_ws.l(faddsub_clz.o)
    0x08004218   0x08004218   0x00000018   Code   RO          346    x$fpl$fcmpinf       fz_ws.l(fcmpi.o)
    0x08004230   0x08004230   0x00000184   Code   RO          302    x$fpl$fdiv          fz_ws.l(fdiv.o)
    0x080043b4   0x080043b4   0x00000036   Code   RO          305    x$fpl$ffix          fz_ws.l(ffix.o)
    0x080043ea   0x080043ea   0x00000002   PAD
    0x080043ec   0x080043ec   0x0000003e   Code   RO          309    x$fpl$ffixu         fz_ws.l(ffixu.o)
    0x0800442a   0x0800442a   0x00000002   PAD
    0x0800442c   0x0800442c   0x00000030   Code   RO          314    x$fpl$fflt          fz_ws.l(fflt_clz.o)
    0x0800445c   0x0800445c   0x00000026   Code   RO          313    x$fpl$ffltu         fz_ws.l(fflt_clz.o)
    0x08004482   0x08004482   0x00000002   PAD
    0x08004484   0x08004484   0x00000068   Code   RO          319    x$fpl$fleqf         fz_ws.l(fleqf.o)
    0x080044ec   0x080044ec   0x00000102   Code   RO          321    x$fpl$fmul          fz_ws.l(fmul.o)
    0x080045ee   0x080045ee   0x0000008c   Code   RO          348    x$fpl$fnaninf       fz_ws.l(fnaninf.o)
    0x0800467a   0x0800467a   0x0000000a   Code   RO          350    x$fpl$fretinf       fz_ws.l(fretinf.o)
    0x08004684   0x08004684   0x00000062   Code   RO          323    x$fpl$frleqf        fz_ws.l(frleqf.o)
    0x080046e6   0x080046e6   0x00000014   Code   RO          296    x$fpl$frsb          fz_ws.l(faddsub_clz.o)
    0x080046fa   0x080046fa   0x00000002   PAD
    0x080046fc   0x080046fc   0x000000ea   Code   RO          297    x$fpl$fsub          fz_ws.l(faddsub_clz.o)
    0x080047e6   0x080047e6   0x00000064   Code   RO          421    x$fpl$retnan        fz_ws.l(retnan.o)
    0x0800484a   0x0800484a   0x0000005c   Code   RO          352    x$fpl$scalbn        fz_ws.l(scalbn.o)
    0x080048a6   0x080048a6   0x00000030   Code   RO          470    x$fpl$trapveneer    fz_ws.l(trapv.o)
    0x080048d6   0x080048d6   0x00000000   Code   RO          354    x$fpl$usenofp       fz_ws.l(usenofp.o)
    0x080048d6   0x080048d6   0x00000a64   Data   RO          138    .constdata          oled.o
    0x0800533a   0x0800533a   0x00000006   PAD
    0x08005340   0x08005340   0x00000088   Data   RO          327    .constdata          m_ws.l(pow.o)
    0x080053c8   0x080053c8   0x00000008   Data   RO          373    .constdata          m_ws.l(qnan.o)
    0x080053d0   0x080053d0   0x00000020   Data   RO          545    Region$$Table       anon$$obj.o


    Execution Region RW_IRAM1 (Exec base: 0x20000000, Load base: 0x080053f0, Size: 0x00000be8, Max: 0x00005000, ABSOLUTE)

    Exec Addr    Load Addr    Size         Type   Attr      Idx    E Section Name        Object

    0x20000000   0x080053f0   0x0000000e   Data   RW           99    .data               key.o
    0x2000000e   0x080053fe   0x00000002   PAD
    0x20000010   0x08005400   0x00000008   Data   RW          112    .data               led.o
    0x20000018   0x08005408   0x00000001   Data   RW          139    .data               oled.o
    0x20000019   0x08005409   0x00000001   PAD
    0x2000001a   0x0800540a   0x00000004   Data   RW          181    .data               delay.o
    0x2000001e   0x0800540e   0x00000002   PAD
    0x20000020   0x08005410   0x00000022   Data   RW          212    .data               usart.o
    0x20000042   0x08005432   0x00000002   PAD
    0x20000044   0x08005434   0x00000070   Data   RW          235    .data               main.o
    0x200000b4        -       0x00000400   Zero   RW          137    .bss                oled.o
    0x200004b4        -       0x000000d4   Zero   RW          211    .bss                usart.o
    0x20000588        -       0x00000060   Zero   RW          409    .bss                c_w.l(libspace.o)
    0x200005e8        -       0x00000200   Zero   RW            2    HEAP                startup_stm32f10x_md.o
    0x200007e8        -       0x00000400   Zero   RW            1    STACK               startup_stm32f10x_md.o


==============================================================================

Image component sizes


      Code (inc. data)   RO Data    RW Data    ZI Data      Debug   Object Name

       532         42          0          0          0     207507   adc.o
       176          8          0          4          0       1031   delay.o
       172          6          0          0          0       1464   dma.o
       504         16          0          0          0       1243   encoder.o
       416         46          0         14          0       1334   key.o
       156         26          0          8          0        681   led.o
      2164        270          0        112          0       4063   main.o
       260         16          0          0          0        949   motor.o
      2278        136       2660          1       1024       5085   oled.o
        56         22        236          0       1536        800   startup_stm32f10x_md.o
       712         44          0          0          0       2811   sys.o
      2600        210          0         34        212       7138   usart.o

    ----------------------------------------------------------------------
     10028        842       2934        180       2772     234106   Object Totals
         0          0         32          0          0          0   (incl. Generated)
         2          0          6          7          0          0   (incl. Padding)

    ----------------------------------------------------------------------

      Code (inc. data)   RO Data    RW Data    ZI Data      Debug   Library Member Name

         8          0          0          0          0         68   __main.o
         0          0          0          0          0          0   __rtentry.o
        12          0          0          0          0          0   __rtentry2.o
         6          0          0          0          0          0   __rtentry4.o
        52          8          0          0          0          0   __scatter.o
        26          0          0          0          0          0   __scatter_copy.o
        28          0          0          0          0          0   __scatter_zi.o
        22          0          0          0          0        100   _rserrno.o
        18          0          0          0          0         80   exit.o
         6          0          0          0          0        152   heapauxi.o
         2          0          0          0          0          0   libinit.o
         2          0          0          0          0          0   libinit2.o
         2          0          0          0          0          0   libshutdown.o
         2          0          0          0          0          0   libshutdown2.o
         8          4          0          0         96         68   libspace.o
         8          4          0          0          0         68   rt_errno_addr_intlibspace.o
        78          0          0          0          0         80   rt_memclr_w.o
         2          0          0          0          0          0   rtexit.o
        10          0          0          0          0          0   rtexit2.o
        74          0          0          0          0         80   sys_stackheap_outer.o
         2          0          0          0          0         68   use_no_semi.o
         2          0          0          0          0         68   use_no_semi_2.o
        98          4          0          0          0         92   d2f.o
       826         16          0          0          0        348   daddsub_clz.o
        16          4          0          0          0         68   dcheck1.o
        24          0          0          0          0         68   dcmpi.o
       688        140          0          0          0        208   ddiv.o
        94          4          0          0          0         92   dfix.o
        90          4          0          0          0         92   dfixu.o
        84          0          0          0          0        136   dflt_clz.o
       120          4          0          0          0         92   dleqf.o
       340         12          0          0          0        104   dmul.o
       156          4          0          0          0         92   dnaninf.o
        12          0          0          0          0         68   dretinf.o
       108          0          0          0          0         80   drleqf.o
       460         56          0          0          0        120   dsqrt_noumaal.o
        86          4          0          0          0         84   f2d.o
       450          8          0          0          0        236   faddsub_clz.o
        24          0          0          0          0         68   fcmpi.o
       388         76          0          0          0         96   fdiv.o
        54          4          0          0          0         84   ffix.o
        62          4          0          0          0         84   ffixu.o
        86          0          0          0          0        136   fflt_clz.o
       104          4          0          0          0         84   fleqf.o
       258          4          0          0          0         84   fmul.o
       140          4          0          0          0         84   fnaninf.o
        10          0          0          0          0         68   fretinf.o
        98          0          0          0          0         68   frleqf.o
       100          0          0          0          0         68   retnan.o
        92          0          0          0          0         68   scalbn.o
        48          0          0          0          0         68   trapv.o
         0          0          0          0          0          0   usenofp.o
        62         10          0          0          0        340   dunder.o
        40          0          0          0          0         68   fpclassify.o
       170          0          0          0          0         96   poly.o
      2520        190        136          0          0        324   pow.o
         0          0          8          0          0          0   qnan.o
        76          0          0          0          0         84   sqrt.o

    ----------------------------------------------------------------------
      8382        572        144          0         96       4784   Library Totals
        28          0          0          0          0          0   (incl. Padding)

    ----------------------------------------------------------------------

      Code (inc. data)   RO Data    RW Data    ZI Data      Debug   Library Name

       370         16          0          0         96        832   c_w.l
      5116        356          0          0          0       3040   fz_ws.l
      2868        200        144          0          0        912   m_ws.l

    ----------------------------------------------------------------------
      8382        572        144          0         96       4784   Library Totals

    ----------------------------------------------------------------------

==============================================================================


      Code (inc. data)   RO Data    RW Data    ZI Data      Debug   

     18410       1414       3078        180       2868     235194   Grand Totals
     18410       1414       3078        180       2868     235194   ELF Image Totals
     18410       1414       3078        180          0          0   ROM Totals

==============================================================================

    Total RO  Size (Code + RO Data)                21488 (  20.98kB)
    Total RW  Size (RW Data + ZI Data)              3048 (   2.98kB)
    Total ROM Size (Code + RO Data + RW Data)      21668 (  21.16kB)

==============================================================================

